Archive member included to satisfy reference by file (symbol)

c:/program files/stm32cubeide_1.8.0/stm32cubeide/plugins/com.st.stm32cube.ide.mcu.externaltools.gnu-tools-for-stm32.9-2020-q2-update.win32_2.0.0.202105311346/tools/bin/../lib/gcc/arm-none-eabi/9.3.1/../../../../arm-none-eabi/lib/thumb/v7e-m+fp/hard\libc_nano.a(lib_a-errno.o)
                              ./Application/User/Core/syscalls.o (__errno)
c:/program files/stm32cubeide_1.8.0/stm32cubeide/plugins/com.st.stm32cube.ide.mcu.externaltools.gnu-tools-for-stm32.9-2020-q2-update.win32_2.0.0.202105311346/tools/bin/../lib/gcc/arm-none-eabi/9.3.1/../../../../arm-none-eabi/lib/thumb/v7e-m+fp/hard\libc_nano.a(lib_a-exit.o)
                              c:/program files/stm32cubeide_1.8.0/stm32cubeide/plugins/com.st.stm32cube.ide.mcu.externaltools.gnu-tools-for-stm32.9-2020-q2-update.win32_2.0.0.202105311346/tools/bin/../lib/gcc/arm-none-eabi/9.3.1/../../../../arm-none-eabi/lib/thumb/v7e-m+fp/hard/crt0.o (exit)
c:/program files/stm32cubeide_1.8.0/stm32cubeide/plugins/com.st.stm32cube.ide.mcu.externaltools.gnu-tools-for-stm32.9-2020-q2-update.win32_2.0.0.202105311346/tools/bin/../lib/gcc/arm-none-eabi/9.3.1/../../../../arm-none-eabi/lib/thumb/v7e-m+fp/hard\libc_nano.a(lib_a-impure.o)
                              c:/program files/stm32cubeide_1.8.0/stm32cubeide/plugins/com.st.stm32cube.ide.mcu.externaltools.gnu-tools-for-stm32.9-2020-q2-update.win32_2.0.0.202105311346/tools/bin/../lib/gcc/arm-none-eabi/9.3.1/../../../../arm-none-eabi/lib/thumb/v7e-m+fp/hard\libc_nano.a(lib_a-exit.o) (_global_impure_ptr)
c:/program files/stm32cubeide_1.8.0/stm32cubeide/plugins/com.st.stm32cube.ide.mcu.externaltools.gnu-tools-for-stm32.9-2020-q2-update.win32_2.0.0.202105311346/tools/bin/../lib/gcc/arm-none-eabi/9.3.1/../../../../arm-none-eabi/lib/thumb/v7e-m+fp/hard\libc_nano.a(lib_a-init.o)
                              c:/program files/stm32cubeide_1.8.0/stm32cubeide/plugins/com.st.stm32cube.ide.mcu.externaltools.gnu-tools-for-stm32.9-2020-q2-update.win32_2.0.0.202105311346/tools/bin/../lib/gcc/arm-none-eabi/9.3.1/../../../../arm-none-eabi/lib/thumb/v7e-m+fp/hard/crt0.o (__libc_init_array)
c:/program files/stm32cubeide_1.8.0/stm32cubeide/plugins/com.st.stm32cube.ide.mcu.externaltools.gnu-tools-for-stm32.9-2020-q2-update.win32_2.0.0.202105311346/tools/bin/../lib/gcc/arm-none-eabi/9.3.1/../../../../arm-none-eabi/lib/thumb/v7e-m+fp/hard\libc_nano.a(lib_a-memset.o)
                              c:/program files/stm32cubeide_1.8.0/stm32cubeide/plugins/com.st.stm32cube.ide.mcu.externaltools.gnu-tools-for-stm32.9-2020-q2-update.win32_2.0.0.202105311346/tools/bin/../lib/gcc/arm-none-eabi/9.3.1/../../../../arm-none-eabi/lib/thumb/v7e-m+fp/hard/crt0.o (memset)
c:/program files/stm32cubeide_1.8.0/stm32cubeide/plugins/com.st.stm32cube.ide.mcu.externaltools.gnu-tools-for-stm32.9-2020-q2-update.win32_2.0.0.202105311346/tools/bin/../lib/gcc/arm-none-eabi/9.3.1/../../../../arm-none-eabi/lib/thumb/v7e-m+fp/hard\libm.a(lib_a-s_round.o)
                              ./Application/User/Core/rampa_pedal.o (round)
c:/program files/stm32cubeide_1.8.0/stm32cubeide/plugins/com.st.stm32cube.ide.mcu.externaltools.gnu-tools-for-stm32.9-2020-q2-update.win32_2.0.0.202105311346/tools/bin/../lib/gcc/arm-none-eabi/9.3.1/thumb/v7e-m+fp/hard\libgcc.a(_arm_muldf3.o)
                              ./Application/User/Core/rampa_pedal.o (__aeabi_dmul)
c:/program files/stm32cubeide_1.8.0/stm32cubeide/plugins/com.st.stm32cube.ide.mcu.externaltools.gnu-tools-for-stm32.9-2020-q2-update.win32_2.0.0.202105311346/tools/bin/../lib/gcc/arm-none-eabi/9.3.1/thumb/v7e-m+fp/hard\libgcc.a(_arm_addsubdf3.o)
                              ./Application/User/Core/rampa_pedal.o (__aeabi_dsub)
c:/program files/stm32cubeide_1.8.0/stm32cubeide/plugins/com.st.stm32cube.ide.mcu.externaltools.gnu-tools-for-stm32.9-2020-q2-update.win32_2.0.0.202105311346/tools/bin/../lib/gcc/arm-none-eabi/9.3.1/thumb/v7e-m+fp/hard\libgcc.a(_arm_fixunsdfsi.o)
                              ./Application/User/Core/rampa_pedal.o (__aeabi_d2uiz)
c:/program files/stm32cubeide_1.8.0/stm32cubeide/plugins/com.st.stm32cube.ide.mcu.externaltools.gnu-tools-for-stm32.9-2020-q2-update.win32_2.0.0.202105311346/tools/bin/../lib/gcc/arm-none-eabi/9.3.1/thumb/v7e-m+fp/hard\libgcc.a(_arm_truncdfsf2.o)
                              ./Application/User/Core/rampa_pedal.o (__aeabi_d2f)
c:/program files/stm32cubeide_1.8.0/stm32cubeide/plugins/com.st.stm32cube.ide.mcu.externaltools.gnu-tools-for-stm32.9-2020-q2-update.win32_2.0.0.202105311346/tools/bin/../lib/gcc/arm-none-eabi/9.3.1/thumb/v7e-m+fp/hard\libgcc.a(_aeabi_uldivmod.o)
                              ./Drivers/STM32F4xx_HAL_Driver/stm32f4xx_hal_rcc.o (__aeabi_uldivmod)
c:/program files/stm32cubeide_1.8.0/stm32cubeide/plugins/com.st.stm32cube.ide.mcu.externaltools.gnu-tools-for-stm32.9-2020-q2-update.win32_2.0.0.202105311346/tools/bin/../lib/gcc/arm-none-eabi/9.3.1/thumb/v7e-m+fp/hard\libgcc.a(_udivmoddi4.o)
[...]
Memory Configuration

Name             Origin             Length             Attributes
RAM              0x0000000020000000 0x0000000000020000 xrw
FLASH            0x0000000008000000 0x0000000000080000 xr
*default*        0x0000000000000000 0xffffffffffffffff

Linker script and memory map

LOAD c:/program files/stm32cubeide_1.8.0/stm32cubeide/plugins/com.st.stm32cube.ide.mcu.externaltools.gnu-tools-for-stm32.9-2020-q2-update.win32_2.0.0.202105311346/tools/bin/../lib/gcc/arm-none-eabi/9.3.1/thumb/v7e-m+fp/hard/crti.o
LOAD c:/program files/stm32cubeide_1.8.0/stm32cubeide/plugins/com.st.stm32cube.ide.mcu.externaltools.gnu-tools-for-stm32.9-2020-q2-update.win32_2.0.0.202105311346/tools/bin/../lib/gcc/arm-none-eabi/9.3.1/thumb/v7e-m+fp/hard/crtbegin.o
LOAD c:/program files/stm32cubeide_1.8.0/stm32cubeide/plugins/com.st.stm32cube.ide.mcu.externaltools.gnu-tools-for-stm32.9-2020-q2-update.win32_2.0.0.202105311346/tools/bin/../lib/gcc/arm-none-eabi/9.3.1/../../../../arm-none-eabi/lib/thumb/v7e-m+fp/hard/crt0.o
LOAD ./Application/User/Core/app_control.o
LOAD ./Application/User/Core/buses.o
LOAD ./Application/User/Core/can.o
LOAD ./Application/User/Core/can_app.o
LOAD ./Application/User/Core/can_hw.o
LOAD ./Application/User/Core/decode_data.o
LOAD ./Application/User/Core/driving_modes.o
LOAD ./Application/User/Core/failures.o
LOAD ./Application/User/Core/gpio.o
LOAD ./Application/User/Core/indicators.o
LOAD ./Application/User/Core/main.o
LOAD ./Application/User/Core/monitoring.o
LOAD ./Application/User/Core/monitoring_api.o
LOAD ./Application/User/Core/rampa_pedal.o
LOAD ./Application/User/Core/stm32f4xx_hal_msp.o
LOAD ./Application/User/Core/stm32f4xx_it.o
LOAD ./Application/User/Core/syscalls.o
LOAD ./Application/User/Core/sysmem.o
LOAD ./Application/User/Core/tim.o
LOAD ./Application/User/Startup/startup_stm32f446vetx.o
LOAD ./Drivers/BSP/STM32F4xx-Control/stm32f4xx_control.o
LOAD ./Drivers/CAN_Driver/can_api.o
LOAD ./Drivers/CAN_Driver/can_wrapper.o
LOAD ./Drivers/CMSIS/system_stm32f4xx.o
LOAD ./Drivers/STM32F4xx_HAL_Driver/stm32f4xx_hal.o
LOAD ./Drivers/STM32F4xx_HAL_Driver/stm32f4xx_hal_can.o
LOAD ./Drivers/STM32F4xx_HAL_Driver/stm32f4xx_hal_cortex.o
LOAD ./Drivers/STM32F4xx_HAL_Driver/stm32f4xx_hal_dma.o
LOAD ./Drivers/STM32F4xx_HAL_Driver/stm32f4xx_hal_dma_ex.o
LOAD ./Drivers/STM32F4xx_HAL_Driver/stm32f4xx_hal_exti.o
LOAD ./Drivers/STM32F4xx_HAL_Driver/stm32f4xx_hal_flash.o
LOAD ./Drivers/STM32F4xx_HAL_Driver/stm32f4xx_hal_flash_ex.o
LOAD ./Drivers/STM32F4xx_HAL_Driver/stm32f4xx_hal_flash_ramfunc.o
LOAD ./Drivers/STM32F4xx_HAL_Driver/stm32f4xx_hal_gpio.o
LOAD ./Drivers/STM32F4xx_HAL_Driver/stm32f4xx_hal_pwr.o
LOAD ./Drivers/STM32F4xx_HAL_Driver/stm32f4xx_hal_pwr_ex.o
LOAD ./Drivers/STM32F4xx_HAL_Driver/stm32f4xx_hal_rcc.o
LOAD ./Drivers/STM32F4xx_HAL_Driver/stm32f4xx_hal_rcc_ex.o
LOAD ./Drivers/STM32F4xx_HAL_Driver/stm32f4xx_hal_tim.o
LOAD ./Drivers/STM32F4xx_HAL_Driver/stm32f4xx_hal_tim_ex.o
START GROUP
LOAD c:/program files/stm32cubeide_1.8.0/stm32cubeide/plugins/com.st.stm32cube.ide.mcu.externaltools.gnu-tools-for-stm32.9-2020-q2-update.win32_2.0.0.202105311346/tools/bin/../lib/gcc/arm-none-eabi/9.3.1/../../../../arm-none-eabi/lib/thumb/v7e-m+fp/hard\libc_nano.a
LOAD c:/program files/stm32cubeide_1.8.0/stm32cubeide/plugins/com.st.stm32cube.ide.mcu.externaltools.gnu-tools-for-stm32.9-2020-q2-update.win32_2.0.0.202105311346/tools/bin/../lib/gcc/arm-none-eabi/9.3.1/../../../../arm-none-eabi/lib/thumb/v7e-m+fp/hard\libm.a
END GROUP
START GROUP
LOAD c:/program files/stm32cubeide_1.8.0/stm32cubeide/plugins/com.st.stm32cube.ide.mcu.externaltools.gnu-tools-for-stm32.9-2020-q2-update.win32_2.0.0.202105311346/tools/bin/../lib/gcc/arm-none-eabi/9.3.1/thumb/v7e-m+fp/hard\libgcc.a
LOAD c:/program files/stm32cubeide_1.8.0/stm32cubeide/plugins/com.st.stm32cube.ide.mcu.externaltools.gnu-tools-for-stm32.9-2020-q2-update.win32_2.0.0.202105311346/tools/bin/../lib/gcc/arm-none-eabi/9.3.1/../../../../arm-none-eabi/lib/thumb/v7e-m+fp/hard\libc_nano.a
END GROUP
START GROUP
LOAD c:/program files/stm32cubeide_1.8.0/stm32cubeide/plugins/com.st.stm32cube.ide.mcu.externaltools.gnu-tools-for-stm32.9-2020-q2-update.win32_2.0.0.202105311346/tools/bin/../lib/gcc/arm-none-eabi/9.3.1/thumb/v7e-m+fp/hard\libgcc.a
LOAD c:/program files/stm32cubeide_1.8.0/stm32cubeide/plugins/com.st.stm32cube.ide.mcu.externaltools.gnu-tools-for-stm32.9-2020-q2-update.win32_2.0.0.202105311346/tools/bin/../lib/gcc/arm-none-eabi/9.3.1/../../../../arm-none-eabi/lib/thumb/v7e-m+fp/hard\libc_nano.a
LOAD c:/program files/stm32cubeide_1.8.0/stm32cubeide/plugins/com.st.stm32cube.ide.mcu.externaltools.gnu-tools-for-stm32.9-2020-q2-update.win32_2.0.0.202105311346/tools/bin/../lib/gcc/arm-none-eabi/9.3.1/../../../../arm-none-eabi/lib/thumb/v7e-m+fp/hard\libnosys.a
END GROUP
START GROUP
LOAD c:/program files/stm32cubeide_1.8.0/stm32cubeide/plugins/com.st.stm32cube.ide.mcu.externaltools.gnu-tools-for-stm32.9-2020-q2-update.win32_2.0.0.202105311346/tools/bin/../lib/gcc/arm-none-eabi/9.3.1/thumb/v7e-m+fp/hard\libgcc.a
LOAD c:/program files/stm32cubeide_1.8.0/stm32cubeide/plugins/com.st.stm32cube.ide.mcu.externaltools.gnu-tools-for-stm32.9-2020-q2-update.win32_2.0.0.202105311346/tools/bin/../lib/gcc/arm-none-eabi/9.3.1/../../../../arm-none-eabi/lib/thumb/v7e-m+fp/hard\libc_nano.a
LOAD c:/program files/stm32cubeide_1.8.0/stm32cubeide/plugins/com.st.stm32cube.ide.mcu.externaltools.gnu-tools-for-stm32.9-2020-q2-update.win32_2.0.0.202105311346/tools/bin/../lib/gcc/arm-none-eabi/9.3.1/../../../../arm-none-eabi/lib/thumb/v7e-m+fp/hard\libnosys.a
END GROUP
LOAD c:/program files/stm32cubeide_1.8.0/stm32cubeide/plugins/com.st.stm32cube.ide.mcu.externaltools.gnu-tools-for-stm32.9-2020-q2-update.win32_2.0.0.202105311346/tools/bin/../lib/gcc/arm-none-eabi/9.3.1/thumb/v7e-m+fp/hard/crtend.o
LOAD c:/program files/stm32cubeide_1.8.0/stm32cubeide/plugins/com.st.stm32cube.ide.mcu.externaltools.gnu-tools-for-stm32.9-2020-q2-update.win32_2.0.0.202105311346/tools/bin/../lib/gcc/arm-none-eabi/9.3.1/thumb/v7e-m+fp/hard/crtn.o
                0x0000000020020000                _estack = (ORIGIN (RAM) + LENGTH (RAM))
                0x0000000000000200                _Min_Heap_Size = 0x200
                0x0000000000000400                _Min_Stack_Size = 0x400

.isr_vector     0x0000000008000000      0x1c4
                0x0000000008000000                . = ALIGN (0x4)
 *(.isr_vector)
 .isr_vector    0x0000000008000000      0x1c4 ./Application/User/Startup/startup_stm32f446vetx.o
                0x0000000008000000                g_pfnVectors
                0x00000000080001c4                . = ALIGN (0x4)

.text           0x00000000080001c4     0x5568
                0x00000000080001c4                . = ALIGN (0x4)
 *(.text)
 .text          0x00000000080001c4       0x40 c:/program files/stm32cubeide_1.8.0/stm32cubeide/plugins/com.st.stm32cube.ide.mcu.externaltools.gnu-tools-for-stm32.9-2020-q2-update.win32_2.0.0.202105311346/tools/bin/../lib/gcc/arm-none-eabi/9.3.1/thumb/v7e-m+fp/hard/crtbegin.o
 .text          0x0000000008000204      0x254 c:/program files/stm32cubeide_1.8.0/stm32cubeide/plugins/com.st.stm32cube.ide.mcu.externaltools.gnu-tools-for-stm32.9-2020-q2-update.win32_2.0.0.202105311346/tools/bin/../lib/gcc/arm-none-eabi/9.3.1/thumb/v7e-m+fp/hard\libgcc.a(_arm_muldf3.o)
                0x0000000008000204                __muldf3
                0x0000000008000204                __aeabi_dmul
 .text          0x0000000008000458      0x378 c:/program files/stm32cubeide_1.8.0/stm32cubeide/plugins/com.st.stm32cube.ide.mcu.externaltools.gnu-tools-for-stm32.9-2020-q2-update.win32_2.0.0.202105311346/tools/bin/../lib/gcc/arm-none-eabi/9.3.1/thumb/v7e-m+fp/hard\libgcc.a(_arm_addsubdf3.o)
                0x0000000008000458                __aeabi_drsub
                0x0000000008000460                __aeabi_dsub
                0x0000000008000460                __subdf3
                0x0000000008000464                __aeabi_dadd
                0x0000000008000464                __adddf3
                0x00000000080006dc                __floatunsidf
                0x00000000080006dc                __aeabi_ui2d
                0x00000000080006fc                __floatsidf
                0x00000000080006fc                __aeabi_i2d
                0x0000000008000720                __aeabi_f2d
                0x0000000008000720                __extendsfdf2
                0x0000000008000764                __floatundidf
                0x0000000008000764                __aeabi_ul2d
                0x0000000008000774                __floatdidf
                0x0000000008000774                __aeabi_l2d
 .text          0x00000000080007d0       0x40 c:/program files/stm32cubeide_1.8.0/stm32cubeide/plugins/com.st.stm32cube.ide.mcu.externaltools.gnu-tools-for-stm32.9-2020-q2-update.win32_2.0.0.202105311346/tools/bin/../lib/gcc/arm-none-eabi/9.3.1/thumb/v7e-m+fp/hard\libgcc.a(_arm_fixunsdfsi.o)
                0x00000000080007d0                __aeabi_d2uiz
                0x00000000080007d0                __fixunsdfsi
 .text          0x0000000008000810       0xa0 c:/program files/stm32cubeide_1.8.0/stm32cubeide/plugins/com.st.stm32cube.ide.mcu.externaltools.gnu-tools-for-stm32.9-2020-q2-update.win32_2.0.0.202105311346/tools/bin/../lib/gcc/arm-none-eabi/9.3.1/thumb/v7e-m+fp/hard\libgcc.a(_arm_truncdfsf2.o)
                0x0000000008000810                __truncdfsf2
                0x0000000008000810                __aeabi_d2f
 .text          0x00000000080008b0       0x30 c:/program files/stm32cubeide_1.8.0/stm32cubeide/plugins/com.st.stm32cube.ide.mcu.externaltools.gnu-tools-for-stm32.9-2020-q2-update.win32_2.0.0.202105311346/tools/bin/../lib/gcc/arm-none-eabi/9.3.1/thumb/v7e-m+fp/hard\libgcc.a(_aeabi_uldivmod.o)
                0x00000000080008b0                __aeabi_uldivmod
 .text          0x00000000080008e0      0x2c4 c:/program files/stm32cubeide_1.8.0/stm32cubeide/plugins/com.st.stm32cube.ide.mcu.externaltools.gnu-tools-for-stm32.9-2020-q2-update.win32_2.0.0.202105311346/tools/bin/../lib/gcc/arm-none-eabi/9.3.1/thumb/v7e-m+fp/hard\libgcc.a(_udivmoddi4.o)
                0x00000000080008e0                __udivmoddi4
 .text          0x0000000008000ba4        0x4 c:/program files/stm32cubeide_1.8.0/stm32cubeide/plugins/com.st.stm32cube.ide.mcu.externaltools.gnu-tools-for-stm32.9-2020-q2-update.win32_2.0.0.202105311346/tools/bin/../lib/gcc/arm-none-eabi/9.3.1/thumb/v7e-m+fp/hard\libgcc.a(_dvmd_tls.o)
                0x0000000008000ba4                __aeabi_idiv0
                0x0000000008000ba4                __aeabi_ldiv0
 *(.text*)
 .text.MX_APP_Init
                0x0000000008000ba8       0x6c ./Application/User/Core/app_control.o
                0x0000000008000ba8                MX_APP_Init
 .text.MX_APP_Process
                0x0000000008000c14       0xd4 ./Application/User/Core/app_control.o
                0x0000000008000c14                MX_APP_Process
 .text.MX_APP_Send_Echo
                0x0000000008000ce8       0x30 ./Application/User/Core/app_control.o
 .text.MX_CAN1_Init
                0x0000000008000d18       0x6c ./Application/User/Core/can.o
                0x0000000008000d18                MX_CAN1_Init
 .text.HAL_CAN_MspInit
                0x0000000008000d84       0x90 ./Application/User/Core/can.o
                0x0000000008000d84                HAL_CAN_MspInit
 .text.CAN_APP_Process
                0x0000000008000e14       0x44 ./Application/User/Core/can_app.o
                0x0000000008000e14                CAN_APP_Process
 .text.CAN_APP_Send_BusData
                0x0000000008000e58       0xec ./Application/User/Core/can_app.o
                0x0000000008000e58                CAN_APP_Send_BusData
 .text.CAN_APP_Store_ReceivedMessage
                0x0000000008000f44      0x224 ./Application/User/Core/can_app.o
 .text.CAN_HW_Init
                0x0000000008001168       0xa4 ./Application/User/Core/can_hw.o
                0x0000000008001168                CAN_HW_Init
 .text.HAL_TIM_PeriodElapsedCallback
                0x000000000800120c       0x74 ./Application/User/Core/can_hw.o
                0x000000000800120c                HAL_TIM_PeriodElapsedCallback
 .text.CAN_FilterConfig
                0x0000000008001280       0x60 ./Application/User/Core/can_hw.o
 .text.DECODE_DATA_Process
                0x00000000080012e0       0x2c ./Application/User/Core/decode_data.o
                0x00000000080012e0                DECODE_DATA_Process
 .text.DECODE_DATA_Decode_Bms
                0x000000000800130c       0xb0 ./Application/User/Core/decode_data.o
 .text.DECODE_DATA_Decode_Dcdc
                0x00000000080013bc       0x88 ./Application/User/Core/decode_data.o
 .text.DECODE_DATA_Decode_Inversor
                0x0000000008001444       0xb0 ./Application/User/Core/decode_data.o
 .text.DECODE_DATA_Decode_Perifericos
                0x00000000080014f4       0xb8 ./Application/User/Core/decode_data.o
 .text.DRIVING_MODES_Process
                0x00000000080015ac        0xc ./Application/User/Core/driving_modes.o
                0x00000000080015ac                DRIVING_MODES_Process
 .text.DRIVING_MODES_StateMachine
                0x00000000080015b8      0x154 ./Application/User/Core/driving_modes.o
 .text.DRIVING_MODES_Send_DrivingMode
                0x000000000800170c       0x46 ./Application/User/Core/driving_modes.o
 .text.FAILURES_Process
                0x0000000008001752        0xc ./Application/User/Core/failures.o
                0x0000000008001752                FAILURES_Process
 *fill*         0x000000000800175e        0x2 
 .text.FAILURES_StateMachine
                0x0000000008001760      0x1b0 ./Application/User/Core/failures.o
 .text.FAILURES_Is_Autokill
                0x0000000008001910       0x5c ./Application/User/Core/failures.o
 .text.FAILURES_Send_ControlInfo
                0x000000000800196c       0x34 ./Application/User/Core/failures.o
 .text.FAILURES_Send_Failure
                0x00000000080019a0       0x58 ./Application/User/Core/failures.o
 .text.FAILURES_Send_Autokill
                0x00000000080019f8       0x1a ./Application/User/Core/failures.o
 *fill*         0x0000000008001a12        0x2 
 .text.INDICATORS_Update_ModulesLEDs
                0x0000000008001a14       0x38 ./Application/User/Core/indicators.o
                0x0000000008001a14                INDICATORS_Update_ModulesLEDs
 .text.INDICATORS_Finish_StartUp
                0x0000000008001a4c       0x8e ./Application/User/Core/indicators.o
                0x0000000008001a4c                INDICATORS_Finish_StartUp
 .text.main     0x0000000008001ada       0x16 ./Application/User/Core/main.o
                0x0000000008001ada                main
 .text.SystemClock_Config
                0x0000000008001af0       0xd8 ./Application/User/Core/main.o
                0x0000000008001af0                SystemClock_Config
 .text.Error_Handler
                0x0000000008001bc8        0xa ./Application/User/Core/main.o
                0x0000000008001bc8                Error_Handler
 .text.MONITORING_Process
                0x0000000008001bd2       0x14 ./Application/User/Core/monitoring.o
                0x0000000008001bd2                MONITORING_Process
 *fill*         0x0000000008001be6        0x2 
 .text.MONITORING_Update_ReceivedModulesStatus
                0x0000000008001be8       0x48 ./Application/User/Core/monitoring.o
 .text.MONITORING_Update_AnalogVariablesState
                0x0000000008001c30       0xc0 ./Application/User/Core/monitoring.o
 .text.MONITORING_Update_ModulesStatus
                0x0000000008001cf0       0x84 ./Application/User/Core/monitoring.o
 .text.MONITORING_API_Bms_VariableMonitoring
                0x0000000008001d74      0x16c ./Application/User/Core/monitoring_api.o
                0x0000000008001d74                MONITORING_API_Bms_VariableMonitoring
 .text.MONITORING_API_Dcdc_VariableMonitoring
                0x0000000008001ee0      0x102 ./Application/User/Core/monitoring_api.o
                0x0000000008001ee0                MONITORING_API_Dcdc_VariableMonitoring
 .text.MONITORING_API_Inversor_VariableMonitoring
                0x0000000008001fe2      0x102 ./Application/User/Core/monitoring_api.o
                0x0000000008001fe2                MONITORING_API_Inversor_VariableMonitoring
 .text.MONITORING_API_Get_Bms_ReceivedStatus
                0x00000000080020e4       0x2e ./Application/User/Core/monitoring_api.o
                0x00000000080020e4                MONITORING_API_Get_Bms_ReceivedStatus
 .text.MONITORING_API_Get_Dcdc_ReceivedStatus
                0x0000000008002112       0x2e ./Application/User/Core/monitoring_api.o
                0x0000000008002112                MONITORING_API_Get_Dcdc_ReceivedStatus
 .text.MONITORING_API_Get_Inversor_ReceivedStatus
                0x0000000008002140       0x2e ./Application/User/Core/monitoring_api.o
                0x0000000008002140                MONITORING_API_Get_Inversor_ReceivedStatus
 .text.MONITORING_API_Get_Bms_Status
                0x000000000800216e       0x6a ./Application/User/Core/monitoring_api.o
                0x000000000800216e                MONITORING_API_Get_Bms_Status
 .text.MONITORING_API_Get_Dcdc_Status
                0x00000000080021d8       0x52 ./Application/User/Core/monitoring_api.o
                0x00000000080021d8                MONITORING_API_Get_Dcdc_Status
 .text.MONITORING_API_Get_Inversor_Status
                0x000000000800222a       0x52 ./Application/User/Core/monitoring_api.o
                0x000000000800222a                MONITORING_API_Get_Inversor_Status
 .text.RAMPA_PEDAL_Process
                0x000000000800227c       0xc4 ./Application/User/Core/rampa_pedal.o
                0x000000000800227c                RAMPA_PEDAL_Process
 .text.RAMPA_PEDAL_Get_Rampa_Eco
                0x0000000008002340      0x1bc ./Application/User/Core/rampa_pedal.o
 .text.RAMPA_PEDAL_Get_Rampa_Normal
                0x00000000080024fc      0x16c ./Application/User/Core/rampa_pedal.o
 .text.RAMPA_PEDAL_Get_Rampa_Sport
                0x0000000008002668      0x1b8 ./Application/User/Core/rampa_pedal.o
 .text.RAMPA_PEDAL_Get_Rampa_HombreMuerto
                0x0000000008002820       0x20 ./Application/User/Core/rampa_pedal.o
 .text.RAMPA_PEDAL_Send_Velocidad
                0x0000000008002840       0x3a ./Application/User/Core/rampa_pedal.o
 *fill*         0x000000000800287a        0x2 
 .text.HAL_MspInit
                0x000000000800287c       0x50 ./Application/User/Core/stm32f4xx_hal_msp.o
                0x000000000800287c                HAL_MspInit
 .text.NMI_Handler
                0x00000000080028cc        0x6 ./Application/User/Core/stm32f4xx_it.o
                0x00000000080028cc                NMI_Handler
 .text.HardFault_Handler
                0x00000000080028d2        0x6 ./Application/User/Core/stm32f4xx_it.o
                0x00000000080028d2                HardFault_Handler
 .text.MemManage_Handler
                0x00000000080028d8        0x6 ./Application/User/Core/stm32f4xx_it.o
                0x00000000080028d8                MemManage_Handler
 .text.BusFault_Handler
                0x00000000080028de        0x6 ./Application/User/Core/stm32f4xx_it.o
                0x00000000080028de                BusFault_Handler
 .text.UsageFault_Handler
                0x00000000080028e4        0x6 ./Application/User/Core/stm32f4xx_it.o
                0x00000000080028e4                UsageFault_Handler
 .text.SVC_Handler
                0x00000000080028ea        0xe ./Application/User/Core/stm32f4xx_it.o
                0x00000000080028ea                SVC_Handler
 .text.DebugMon_Handler
                0x00000000080028f8        0xe ./Application/User/Core/stm32f4xx_it.o
                0x00000000080028f8                DebugMon_Handler
 .text.PendSV_Handler
                0x0000000008002906        0xe ./Application/User/Core/stm32f4xx_it.o
                0x0000000008002906                PendSV_Handler
 .text.SysTick_Handler
                0x0000000008002914        0xc ./Application/User/Core/stm32f4xx_it.o
                0x0000000008002914                SysTick_Handler
 .text.TIM7_IRQHandler
                0x0000000008002920       0x14 ./Application/User/Core/stm32f4xx_it.o
                0x0000000008002920                TIM7_IRQHandler
 .text.MX_TIM7_Init
                0x0000000008002934       0x6c ./Application/User/Core/tim.o
                0x0000000008002934                MX_TIM7_Init
 .text.HAL_TIM_Base_MspInit
                0x00000000080029a0       0x50 ./Application/User/Core/tim.o
                0x00000000080029a0                HAL_TIM_Base_MspInit
 .text.Reset_Handler
                0x00000000080029f0       0x50 ./Application/User/Startup/startup_stm32f446vetx.o
                0x00000000080029f0                Reset_Handler
 .text.Default_Handler
                0x0000000008002a40        0x2 ./Application/User/Startup/startup_stm32f446vetx.o
                0x0000000008002a40                RTC_Alarm_IRQHandler
                0x0000000008002a40                EXTI2_IRQHandler
                0x0000000008002a40                TIM8_CC_IRQHandler
                0x0000000008002a40                FMPI2C1_EV_IRQHandler
                0x0000000008002a40                SPI4_IRQHandler
                0x0000000008002a40                TIM1_CC_IRQHandler
                0x0000000008002a40                DMA2_Stream5_IRQHandler
                0x0000000008002a40                DMA1_Stream5_IRQHandler
                0x0000000008002a40                PVD_IRQHandler
                0x0000000008002a40                SDIO_IRQHandler
                0x0000000008002a40                TAMP_STAMP_IRQHandler
                0x0000000008002a40                CAN2_RX1_IRQHandler
                0x0000000008002a40                EXTI3_IRQHandler
                0x0000000008002a40                TIM8_TRG_COM_TIM14_IRQHandler
                0x0000000008002a40                TIM1_UP_TIM10_IRQHandler
                0x0000000008002a40                TIM8_UP_TIM13_IRQHandler
                0x0000000008002a40                I2C3_ER_IRQHandler
                0x0000000008002a40                EXTI0_IRQHandler
                0x0000000008002a40                I2C2_EV_IRQHandler
                0x0000000008002a40                DMA1_Stream2_IRQHandler
                0x0000000008002a40                CAN1_RX0_IRQHandler
                0x0000000008002a40                FPU_IRQHandler
                0x0000000008002a40                OTG_HS_WKUP_IRQHandler
                0x0000000008002a40                CAN2_SCE_IRQHandler
                0x0000000008002a40                DMA2_Stream2_IRQHandler
                0x0000000008002a40                SPI1_IRQHandler
                0x0000000008002a40                TIM6_DAC_IRQHandler
                0x0000000008002a40                TIM1_BRK_TIM9_IRQHandler
                0x0000000008002a40                DCMI_IRQHandler
                0x0000000008002a40                CAN2_RX0_IRQHandler
                0x0000000008002a40                DMA2_Stream3_IRQHandler
                0x0000000008002a40                SAI2_IRQHandler
                0x0000000008002a40                USART6_IRQHandler
                0x0000000008002a40                USART3_IRQHandler
                0x0000000008002a40                CAN1_RX1_IRQHandler
                0x0000000008002a40                UART5_IRQHandler
                0x0000000008002a40                DMA2_Stream0_IRQHandler
                0x0000000008002a40                TIM4_IRQHandler
                0x0000000008002a40                QUADSPI_IRQHandler
                0x0000000008002a40                I2C1_EV_IRQHandler
                0x0000000008002a40                DMA1_Stream6_IRQHandler
                0x0000000008002a40                DMA1_Stream1_IRQHandler
                0x0000000008002a40                UART4_IRQHandler
                0x0000000008002a40                TIM3_IRQHandler
                0x0000000008002a40                RCC_IRQHandler
                0x0000000008002a40                TIM8_BRK_TIM12_IRQHandler
                0x0000000008002a40                Default_Handler
                0x0000000008002a40                CEC_IRQHandler
                0x0000000008002a40                EXTI15_10_IRQHandler
                0x0000000008002a40                ADC_IRQHandler
                0x0000000008002a40                DMA1_Stream7_IRQHandler
                0x0000000008002a40                CAN2_TX_IRQHandler
                0x0000000008002a40                TIM5_IRQHandler
                0x0000000008002a40                DMA2_Stream7_IRQHandler
                0x0000000008002a40                I2C3_EV_IRQHandler
                0x0000000008002a40                EXTI9_5_IRQHandler
                0x0000000008002a40                RTC_WKUP_IRQHandler
                0x0000000008002a40                SPDIF_RX_IRQHandler
                0x0000000008002a40                SPI2_IRQHandler
                0x0000000008002a40                OTG_HS_EP1_IN_IRQHandler
                0x0000000008002a40                DMA1_Stream0_IRQHandler
                0x0000000008002a40                CAN1_TX_IRQHandler
                0x0000000008002a40                FMPI2C1_ER_IRQHandler
                0x0000000008002a40                EXTI4_IRQHandler
                0x0000000008002a40                OTG_HS_EP1_OUT_IRQHandler
                0x0000000008002a40                WWDG_IRQHandler
                0x0000000008002a40                TIM2_IRQHandler
                0x0000000008002a40                OTG_FS_WKUP_IRQHandler
                0x0000000008002a40                TIM1_TRG_COM_TIM11_IRQHandler
                0x0000000008002a40                OTG_HS_IRQHandler
                0x0000000008002a40                EXTI1_IRQHandler
                0x0000000008002a40                USART2_IRQHandler
                0x0000000008002a40                I2C2_ER_IRQHandler
                0x0000000008002a40                DMA2_Stream1_IRQHandler
                0x0000000008002a40                CAN1_SCE_IRQHandler
                0x0000000008002a40                FLASH_IRQHandler
                0x0000000008002a40                DMA2_Stream4_IRQHandler
                0x0000000008002a40                USART1_IRQHandler
                0x0000000008002a40                OTG_FS_IRQHandler
                0x0000000008002a40                SPI3_IRQHandler
                0x0000000008002a40                DMA1_Stream4_IRQHandler
                0x0000000008002a40                I2C1_ER_IRQHandler
                0x0000000008002a40                FMC_IRQHandler
                0x0000000008002a40                DMA2_Stream6_IRQHandler
                0x0000000008002a40                SAI1_IRQHandler
                0x0000000008002a40                DMA1_Stream3_IRQHandler
 *fill*         0x0000000008002a42        0x2 
 .text.BSP_BUZZER_Init
                0x0000000008002a44      0x110 ./Drivers/BSP/STM32F4xx-Control/stm32f4xx_control.o
                0x0000000008002a44                BSP_BUZZER_Init
 .text.BSP_BUZZER_On
                0x0000000008002b54       0x18 ./Drivers/BSP/STM32F4xx-Control/stm32f4xx_control.o
                0x0000000008002b54                BSP_BUZZER_On
 .text.BSP_BUZZER_Off
                0x0000000008002b6c       0x18 ./Drivers/BSP/STM32F4xx-Control/stm32f4xx_control.o
                0x0000000008002b6c                BSP_BUZZER_Off
 .text.BSP_LED_Init
                0x0000000008002b84       0x90 ./Drivers/BSP/STM32F4xx-Control/stm32f4xx_control.o
                0x0000000008002b84                BSP_LED_Init
 .text.BSP_LED_On
                0x0000000008002c14       0x34 ./Drivers/BSP/STM32F4xx-Control/stm32f4xx_control.o
                0x0000000008002c14                BSP_LED_On
 .text.BSP_LED_Off
                0x0000000008002c48       0x34 ./Drivers/BSP/STM32F4xx-Control/stm32f4xx_control.o
                0x0000000008002c48                BSP_LED_Off
 .text.BSP_LED_Toggle
                0x0000000008002c7c       0x34 ./Drivers/BSP/STM32F4xx-Control/stm32f4xx_control.o
                0x0000000008002c7c                BSP_LED_Toggle
 .text.CAN_API_Send_Message
                0x0000000008002cb0       0x4e ./Drivers/CAN_Driver/can_api.o
                0x0000000008002cb0                CAN_API_Send_Message
 .text.CAN_API_Read_Message
                0x0000000008002cfe       0x24 ./Drivers/CAN_Driver/can_api.o
                0x0000000008002cfe                CAN_API_Read_Message
 *fill*         0x0000000008002d22        0x2 
 .text.SystemInit
                0x0000000008002d24       0x24 ./Drivers/CMSIS/system_stm32f4xx.o
                0x0000000008002d24                SystemInit
 .text.HAL_Init
                0x0000000008002d48       0x44 ./Drivers/STM32F4xx_HAL_Driver/stm32f4xx_hal.o
                0x0000000008002d48                HAL_Init
 .text.HAL_InitTick
                0x0000000008002d8c       0x60 ./Drivers/STM32F4xx_HAL_Driver/stm32f4xx_hal.o
                0x0000000008002d8c                HAL_InitTick
 .text.HAL_IncTick
                0x0000000008002dec       0x28 ./Drivers/STM32F4xx_HAL_Driver/stm32f4xx_hal.o
                0x0000000008002dec                HAL_IncTick
 .text.HAL_GetTick
                0x0000000008002e14       0x18 ./Drivers/STM32F4xx_HAL_Driver/stm32f4xx_hal.o
                0x0000000008002e14                HAL_GetTick
 .text.HAL_Delay
                0x0000000008002e2c       0x48 ./Drivers/STM32F4xx_HAL_Driver/stm32f4xx_hal.o
                0x0000000008002e2c                HAL_Delay
 .text.HAL_CAN_Init
                0x0000000008002e74      0x1f6 ./Drivers/STM32F4xx_HAL_Driver/stm32f4xx_hal_can.o
                0x0000000008002e74                HAL_CAN_Init
 *fill*         0x000000000800306a        0x2 
 .text.HAL_CAN_ConfigFilter
                0x000000000800306c      0x1c0 ./Drivers/STM32F4xx_HAL_Driver/stm32f4xx_hal_can.o
                0x000000000800306c                HAL_CAN_ConfigFilter
 .text.HAL_CAN_Start
                0x000000000800322c       0x88 ./Drivers/STM32F4xx_HAL_Driver/stm32f4xx_hal_can.o
                0x000000000800322c                HAL_CAN_Start
 .text.HAL_CAN_AddTxMessage
                0x00000000080032b4      0x1b6 ./Drivers/STM32F4xx_HAL_Driver/stm32f4xx_hal_can.o
                0x00000000080032b4                HAL_CAN_AddTxMessage
 .text.HAL_CAN_ActivateNotification
                0x000000000800346a       0x4c ./Drivers/STM32F4xx_HAL_Driver/stm32f4xx_hal_can.o
                0x000000000800346a                HAL_CAN_ActivateNotification
 *fill*         0x00000000080034b6        0x2 
 .text.__NVIC_SetPriorityGrouping
                0x00000000080034b8       0x48 ./Drivers/STM32F4xx_HAL_Driver/stm32f4xx_hal_cortex.o
 .text.__NVIC_GetPriorityGrouping
                0x0000000008003500       0x1c ./Drivers/STM32F4xx_HAL_Driver/stm32f4xx_hal_cortex.o
 .text.__NVIC_EnableIRQ
                0x000000000800351c       0x3c ./Drivers/STM32F4xx_HAL_Driver/stm32f4xx_hal_cortex.o
 .text.__NVIC_SetPriority
                0x0000000008003558       0x54 ./Drivers/STM32F4xx_HAL_Driver/stm32f4xx_hal_cortex.o
 .text.NVIC_EncodePriority
                0x00000000080035ac       0x66 ./Drivers/STM32F4xx_HAL_Driver/stm32f4xx_hal_cortex.o
 *fill*         0x0000000008003612        0x2 
 .text.SysTick_Config
                0x0000000008003614       0x44 ./Drivers/STM32F4xx_HAL_Driver/stm32f4xx_hal_cortex.o
 .text.HAL_NVIC_SetPriorityGrouping
                0x0000000008003658       0x16 ./Drivers/STM32F4xx_HAL_Driver/stm32f4xx_hal_cortex.o
                0x0000000008003658                HAL_NVIC_SetPriorityGrouping
 .text.HAL_NVIC_SetPriority
                0x000000000800366e       0x38 ./Drivers/STM32F4xx_HAL_Driver/stm32f4xx_hal_cortex.o
                0x000000000800366e                HAL_NVIC_SetPriority
 .text.HAL_NVIC_EnableIRQ
                0x00000000080036a6       0x1c ./Drivers/STM32F4xx_HAL_Driver/stm32f4xx_hal_cortex.o
                0x00000000080036a6                HAL_NVIC_EnableIRQ
 .text.HAL_SYSTICK_Config
                0x00000000080036c2       0x18 ./Drivers/STM32F4xx_HAL_Driver/stm32f4xx_hal_cortex.o
                0x00000000080036c2                HAL_SYSTICK_Config
 *fill*         0x00000000080036da        0x2 
 .text.HAL_GPIO_Init
                0x00000000080036dc      0x328 ./Drivers/STM32F4xx_HAL_Driver/stm32f4xx_hal_gpio.o
                0x00000000080036dc                HAL_GPIO_Init
 .text.HAL_GPIO_WritePin
                0x0000000008003a04       0x32 ./Drivers/STM32F4xx_HAL_Driver/stm32f4xx_hal_gpio.o
                0x0000000008003a04                HAL_GPIO_WritePin
 .text.HAL_GPIO_TogglePin
                0x0000000008003a36       0x34 ./Drivers/STM32F4xx_HAL_Driver/stm32f4xx_hal_gpio.o
                0x0000000008003a36                HAL_GPIO_TogglePin
 *fill*         0x0000000008003a6a        0x2 
 .text.HAL_RCC_ClockConfig
                0x0000000008003a6c      0x1cc ./Drivers/STM32F4xx_HAL_Driver/stm32f4xx_hal_rcc.o
                0x0000000008003a6c                HAL_RCC_ClockConfig
 .text.HAL_RCC_GetSysClockFreq
                0x0000000008003c38      0x364 ./Drivers/STM32F4xx_HAL_Driver/stm32f4xx_hal_rcc_ex.o
                0x0000000008003c38                HAL_RCC_GetSysClockFreq
 .text.HAL_RCC_OscConfig
                0x0000000008003f9c      0x53c ./Drivers/STM32F4xx_HAL_Driver/stm32f4xx_hal_rcc_ex.o
                0x0000000008003f9c                HAL_RCC_OscConfig
 .text.HAL_TIM_Base_Init
                0x00000000080044d8       0x9e ./Drivers/STM32F4xx_HAL_Driver/stm32f4xx_hal_tim.o
                0x00000000080044d8                HAL_TIM_Base_Init
 *fill*         0x0000000008004576        0x2 
 .text.HAL_TIM_Base_Start_IT
                0x0000000008004578       0xe0 ./Drivers/STM32F4xx_HAL_Driver/stm32f4xx_hal_tim.o
                0x0000000008004578                HAL_TIM_Base_Start_IT
 .text.HAL_TIM_PWM_Init
                0x0000000008004658       0x9e ./Drivers/STM32F4xx_HAL_Driver/stm32f4xx_hal_tim.o
                0x0000000008004658                HAL_TIM_PWM_Init
 .text.HAL_TIM_PWM_MspInit
                0x00000000080046f6       0x14 ./Drivers/STM32F4xx_HAL_Driver/stm32f4xx_hal_tim.o
                0x00000000080046f6                HAL_TIM_PWM_MspInit
 *fill*         0x000000000800470a        0x2 
 .text.HAL_TIM_PWM_Start
                0x000000000800470c      0x190 ./Drivers/STM32F4xx_HAL_Driver/stm32f4xx_hal_tim.o
                0x000000000800470c                HAL_TIM_PWM_Start
 .text.HAL_TIM_PWM_Stop
                0x000000000800489c       0xe0 ./Drivers/STM32F4xx_HAL_Driver/stm32f4xx_hal_tim.o
                0x000000000800489c                HAL_TIM_PWM_Stop
 .text.HAL_TIM_IRQHandler
                0x000000000800497c      0x210 ./Drivers/STM32F4xx_HAL_Driver/stm32f4xx_hal_tim.o
                0x000000000800497c                HAL_TIM_IRQHandler
 .text.HAL_TIM_PWM_ConfigChannel
                0x0000000008004b8c      0x184 ./Drivers/STM32F4xx_HAL_Driver/stm32f4xx_hal_tim.o
                0x0000000008004b8c                HAL_TIM_PWM_ConfigChannel
 .text.HAL_TIM_ConfigClockSource
                0x0000000008004d10      0x18e ./Drivers/STM32F4xx_HAL_Driver/stm32f4xx_hal_tim.o
                0x0000000008004d10                HAL_TIM_ConfigClockSource
 .text.HAL_TIM_OC_DelayElapsedCallback
                0x0000000008004e9e       0x14 ./Drivers/STM32F4xx_HAL_Driver/stm32f4xx_hal_tim.o
                0x0000000008004e9e                HAL_TIM_OC_DelayElapsedCallback
 .text.HAL_TIM_IC_CaptureCallback
                0x0000000008004eb2       0x14 ./Drivers/STM32F4xx_HAL_Driver/stm32f4xx_hal_tim.o
                0x0000000008004eb2                HAL_TIM_IC_CaptureCallback
 .text.HAL_TIM_PWM_PulseFinishedCallback
                0x0000000008004ec6       0x14 ./Drivers/STM32F4xx_HAL_Driver/stm32f4xx_hal_tim.o
                0x0000000008004ec6                HAL_TIM_PWM_PulseFinishedCallback
 .text.HAL_TIM_TriggerCallback
                0x0000000008004eda       0x14 ./Drivers/STM32F4xx_HAL_Driver/stm32f4xx_hal_tim.o
                0x0000000008004eda                HAL_TIM_TriggerCallback
 *fill*         0x0000000008004eee        0x2 
 .text.TIM_Base_SetConfig
                0x0000000008004ef0      0x140 ./Drivers/STM32F4xx_HAL_Driver/stm32f4xx_hal_tim.o
                0x0000000008004ef0                TIM_Base_SetConfig
 .text.TIM_OC1_SetConfig
                0x0000000008005030       0xe0 ./Drivers/STM32F4xx_HAL_Driver/stm32f4xx_hal_tim.o
 .text.TIM_OC2_SetConfig
                0x0000000008005110       0xec ./Drivers/STM32F4xx_HAL_Driver/stm32f4xx_hal_tim.o
                0x0000000008005110                TIM_OC2_SetConfig
 .text.TIM_OC3_SetConfig
                0x00000000080051fc       0xe8 ./Drivers/STM32F4xx_HAL_Driver/stm32f4xx_hal_tim.o
 .text.TIM_OC4_SetConfig
                0x00000000080052e4       0xac ./Drivers/STM32F4xx_HAL_Driver/stm32f4xx_hal_tim.o
 .text.TIM_TI1_ConfigInputStage
                0x0000000008005390       0x5e ./Drivers/STM32F4xx_HAL_Driver/stm32f4xx_hal_tim.o
 .text.TIM_TI2_ConfigInputStage
                0x00000000080053ee       0x60 ./Drivers/STM32F4xx_HAL_Driver/stm32f4xx_hal_tim.o
 .text.TIM_ITRx_SetConfig
                0x000000000800544e       0x36 ./Drivers/STM32F4xx_HAL_Driver/stm32f4xx_hal_tim.o
 .text.TIM_ETR_SetConfig
                0x0000000008005484       0x40 ./Drivers/STM32F4xx_HAL_Driver/stm32f4xx_hal_tim.o
                0x0000000008005484                TIM_ETR_SetConfig
 .text.TIM_CCxChannelCmd
                0x00000000080054c4       0x4a ./Drivers/STM32F4xx_HAL_Driver/stm32f4xx_hal_tim.o
                0x00000000080054c4                TIM_CCxChannelCmd
 *fill*         0x000000000800550e        0x2 
 .text.HAL_TIMEx_MasterConfigSynchronization
                0x0000000008005510       0xf8 ./Drivers/STM32F4xx_HAL_Driver/stm32f4xx_hal_tim_ex.o
                0x0000000008005510                HAL_TIMEx_MasterConfigSynchronization
 .text.HAL_TIMEx_CommutCallback
                0x0000000008005608       0x14 ./Drivers/STM32F4xx_HAL_Driver/stm32f4xx_hal_tim_ex.o
                0x0000000008005608                HAL_TIMEx_CommutCallback
 .text.HAL_TIMEx_BreakCallback
                0x000000000800561c       0x14 ./Drivers/STM32F4xx_HAL_Driver/stm32f4xx_hal_tim_ex.o
                0x000000000800561c                HAL_TIMEx_BreakCallback
 .text.__libc_init_array
                0x0000000008005630       0x48 c:/program files/stm32cubeide_1.8.0/stm32cubeide/plugins/com.st.stm32cube.ide.mcu.externaltools.gnu-tools-for-stm32.9-2020-q2-update.win32_2.0.0.202105311346/tools/bin/../lib/gcc/arm-none-eabi/9.3.1/../../../../arm-none-eabi/lib/thumb/v7e-m+fp/hard\libc_nano.a(lib_a-init.o)
                0x0000000008005630                __libc_init_array
 .text.memset   0x0000000008005678       0x10 c:/program files/stm32cubeide_1.8.0/stm32cubeide/plugins/com.st.stm32cube.ide.mcu.externaltools.gnu-tools-for-stm32.9-2020-q2-update.win32_2.0.0.202105311346/tools/bin/../lib/gcc/arm-none-eabi/9.3.1/../../../../arm-none-eabi/lib/thumb/v7e-m+fp/hard\libc_nano.a(lib_a-memset.o)
                0x0000000008005678                memset
 .text.round    0x0000000008005688       0x8c c:/program files/stm32cubeide_1.8.0/stm32cubeide/plugins/com.st.stm32cube.ide.mcu.externaltools.gnu-tools-for-stm32.9-2020-q2-update.win32_2.0.0.202105311346/tools/bin/../lib/gcc/arm-none-eabi/9.3.1/../../../../arm-none-eabi/lib/thumb/v7e-m+fp/hard\libm.a(lib_a-s_round.o)
                0x0000000008005688                round
 *(.glue_7)
 .glue_7        0x0000000008005714        0x0 linker stubs
 *(.glue_7t)
 .glue_7t       0x0000000008005714        0x0 linker stubs
 *(.eh_frame)
 .eh_frame      0x0000000008005714        0x0 c:/program files/stm32cubeide_1.8.0/stm32cubeide/plugins/com.st.stm32cube.ide.mcu.externaltools.gnu-tools-for-stm32.9-2020-q2-update.win32_2.0.0.202105311346/tools/bin/../lib/gcc/arm-none-eabi/9.3.1/thumb/v7e-m+fp/hard/crtbegin.o
 *(.init)
 .init          0x0000000008005714        0x4 c:/program files/stm32cubeide_1.8.0/stm32cubeide/plugins/com.st.stm32cube.ide.mcu.externaltools.gnu-tools-for-stm32.9-2020-q2-update.win32_2.0.0.202105311346/tools/bin/../lib/gcc/arm-none-eabi/9.3.1/thumb/v7e-m+fp/hard/crti.o
                0x0000000008005714                _init
 .init          0x0000000008005718        0x8 c:/program files/stm32cubeide_1.8.0/stm32cubeide/plugins/com.st.stm32cube.ide.mcu.externaltools.gnu-tools-for-stm32.9-2020-q2-update.win32_2.0.0.202105311346/tools/bin/../lib/gcc/arm-none-eabi/9.3.1/thumb/v7e-m+fp/hard/crtn.o
 *(.fini)
 .fini          0x0000000008005720        0x4 c:/program files/stm32cubeide_1.8.0/stm32cubeide/plugins/com.st.stm32cube.ide.mcu.externaltools.gnu-tools-for-stm32.9-2020-q2-update.win32_2.0.0.202105311346/tools/bin/../lib/gcc/arm-none-eabi/9.3.1/thumb/v7e-m+fp/hard/crti.o
                0x0000000008005720                _fini
 .fini          0x0000000008005724        0x8 c:/program files/stm32cubeide_1.8.0/stm32cubeide/plugins/com.st.stm32cube.ide.mcu.externaltools.gnu-tools-for-stm32.9-2020-q2-update.win32_2.0.0.202105311346/tools/bin/../lib/gcc/arm-none-eabi/9.3.1/thumb/v7e-m+fp/hard/crtn.o
                0x000000000800572c                . = ALIGN (0x4)
                0x000000000800572c                _etext = .

.vfp11_veneer   0x000000000800572c        0x0
 .vfp11_veneer  0x000000000800572c        0x0 linker stubs

.v4_bx          0x000000000800572c        0x0
 .v4_bx         0x000000000800572c        0x0 linker stubs

.iplt           0x000000000800572c        0x0
 .iplt          0x000000000800572c        0x0 c:/program files/stm32cubeide_1.8.0/stm32cubeide/plugins/com.st.stm32cube.ide.mcu.externaltools.gnu-tools-for-stm32.9-2020-q2-update.win32_2.0.0.202105311346/tools/bin/../lib/gcc/arm-none-eabi/9.3.1/thumb/v7e-m+fp/hard/crtbegin.o

.rodata         0x000000000800572c       0xc0
                0x000000000800572c                . = ALIGN (0x4)
 *(.rodata)
 *(.rodata*)
 .rodata.bms_eco_limits
                0x000000000800572c       0x18 ./Application/User/Core/monitoring.o
                0x000000000800572c                bms_eco_limits
 .rodata.bms_normal_limits
                0x0000000008005744       0x18 ./Application/User/Core/monitoring.o
                0x0000000008005744                bms_normal_limits
 .rodata.bms_sport_limits
                0x000000000800575c       0x18 ./Application/User/Core/monitoring.o
                0x000000000800575c                bms_sport_limits
 .rodata.dcdc_eco_limits
                0x0000000008005774       0x10 ./Application/User/Core/monitoring.o
                0x0000000008005774                dcdc_eco_limits
 .rodata.dcdc_normal_limits
                0x0000000008005784       0x10 ./Application/User/Core/monitoring.o
                0x0000000008005784                dcdc_normal_limits
 .rodata.dcdc_sport_limits
                0x0000000008005794       0x10 ./Application/User/Core/monitoring.o
                0x0000000008005794                dcdc_sport_limits
 .rodata.inversor_eco_limits
                0x00000000080057a4       0x10 ./Application/User/Core/monitoring.o
                0x00000000080057a4                inversor_eco_limits
 .rodata.inversor_normal_limits
                0x00000000080057b4       0x10 ./Application/User/Core/monitoring.o
                0x00000000080057b4                inversor_normal_limits
 .rodata.inversor_sport_limits
                0x00000000080057c4       0x10 ./Application/User/Core/monitoring.o
                0x00000000080057c4                inversor_sport_limits
 .rodata.LED_PIN
                0x00000000080057d4        0x6 ./Drivers/BSP/STM32F4xx-Control/stm32f4xx_control.o
 *fill*         0x00000000080057da        0x2 
 .rodata.AHBPrescTable
                0x00000000080057dc       0x10 ./Drivers/CMSIS/system_stm32f4xx.o
                0x00000000080057dc                AHBPrescTable
                0x00000000080057ec                . = ALIGN (0x4)

.ARM.extab      0x00000000080057ec        0x0
                0x00000000080057ec                . = ALIGN (0x4)
 *(.ARM.extab* .gnu.linkonce.armextab.*)
                0x00000000080057ec                . = ALIGN (0x4)

.ARM            0x00000000080057ec        0x8
                0x00000000080057ec                . = ALIGN (0x4)
                0x00000000080057ec                __exidx_start = .
 *(.ARM.exidx*)
 .ARM.exidx     0x00000000080057ec        0x8 c:/program files/stm32cubeide_1.8.0/stm32cubeide/plugins/com.st.stm32cube.ide.mcu.externaltools.gnu-tools-for-stm32.9-2020-q2-update.win32_2.0.0.202105311346/tools/bin/../lib/gcc/arm-none-eabi/9.3.1/thumb/v7e-m+fp/hard\libgcc.a(_udivmoddi4.o)
                0x00000000080057f4                __exidx_end = .
                0x00000000080057f4                . = ALIGN (0x4)

.rel.dyn        0x00000000080057f4        0x0
 .rel.iplt      0x00000000080057f4        0x0 c:/program files/stm32cubeide_1.8.0/stm32cubeide/plugins/com.st.stm32cube.ide.mcu.externaltools.gnu-tools-for-stm32.9-2020-q2-update.win32_2.0.0.202105311346/tools/bin/../lib/gcc/arm-none-eabi/9.3.1/thumb/v7e-m+fp/hard/crtbegin.o

.preinit_array  0x00000000080057f4        0x0
                0x00000000080057f4                . = ALIGN (0x4)
                0x00000000080057f4                PROVIDE (__preinit_array_start = .)
 *(.preinit_array*)
                0x00000000080057f4                PROVIDE (__preinit_array_end = .)
                0x00000000080057f4                . = ALIGN (0x4)

.init_array     0x00000000080057f4        0x4
                0x00000000080057f4                . = ALIGN (0x4)
                0x00000000080057f4                PROVIDE (__init_array_start = .)
 *(SORT_BY_NAME(.init_array.*))
 *(.init_array*)
 .init_array    0x00000000080057f4        0x4 c:/program files/stm32cubeide_1.8.0/stm32cubeide/plugins/com.st.stm32cube.ide.mcu.externaltools.gnu-tools-for-stm32.9-2020-q2-update.win32_2.0.0.202105311346/tools/bin/../lib/gcc/arm-none-eabi/9.3.1/thumb/v7e-m+fp/hard/crtbegin.o
                0x00000000080057f8                PROVIDE (__init_array_end = .)
                0x00000000080057f8                . = ALIGN (0x4)

.fini_array     0x00000000080057f8        0x4
                0x00000000080057f8                . = ALIGN (0x4)
                [!provide]                        PROVIDE (__fini_array_start = .)
 *(SORT_BY_NAME(.fini_array.*))
 *(.fini_array*)
 .fini_array    0x00000000080057f8        0x4 c:/program files/stm32cubeide_1.8.0/stm32cubeide/plugins/com.st.stm32cube.ide.mcu.externaltools.gnu-tools-for-stm32.9-2020-q2-update.win32_2.0.0.202105311346/tools/bin/../lib/gcc/arm-none-eabi/9.3.1/thumb/v7e-m+fp/hard/crtbegin.o
                [!provide]                        PROVIDE (__fini_array_end = .)
                0x00000000080057fc                . = ALIGN (0x4)
                0x00000000080057fc                _sidata = LOADADDR (.data)

.data           0x0000000020000000       0xc8 load address 0x00000000080057fc
                0x0000000020000000                . = ALIGN (0x4)
                0x0000000020000000                _sdata = .
 *(.data)
 *(.data*)
 .data.bus_data
                0x0000000020000000       0x70 ./Application/User/Core/buses.o
                0x0000000020000000                bus_data
 .data.bus_can_output
                0x0000000020000070        0x6 ./Application/User/Core/buses.o
                0x0000000020000070                bus_can_output
 *fill*         0x0000000020000076        0x2 
 .data.bus_can_input
                0x0000000020000078       0x17 ./Application/User/Core/buses.o
                0x0000000020000078                bus_can_input
 .data.flag_rx_can
                0x000000002000008f        0x1 ./Application/User/Core/can_hw.o
                0x000000002000008f                flag_rx_can
 .data.test_msg_id
                0x0000000020000090        0x1 ./Application/User/Core/can_hw.o
                0x0000000020000090                test_msg_id
 .data.flag_decodificar
                0x0000000020000091        0x1 ./Application/User/Core/decode_data.o
                0x0000000020000091                flag_decodificar
 *fill*         0x0000000020000092        0x2 
 .data.Rx_Peripherals
                0x0000000020000094        0x4 ./Application/User/Core/decode_data.o
 .data.Rx_Bms   0x0000000020000098        0x4 ./Application/User/Core/decode_data.o
 .data.Rx_Dcdc  0x000000002000009c        0x4 ./Application/User/Core/decode_data.o
 .data.Rx_Inversor
                0x00000000200000a0        0x4 ./Application/User/Core/decode_data.o
 .data.Rx_Peripherals
                0x00000000200000a4        0x4 ./Application/User/Core/driving_modes.o
 .data.failures_state
                0x00000000200000a8        0x1 ./Application/User/Core/failures.o
 *fill*         0x00000000200000a9        0x3 
 .data.Rx_Peripherals
                0x00000000200000ac        0x4 ./Application/User/Core/rampa_pedal.o
 .data.LED_PORT
                0x00000000200000b0        0xc ./Drivers/BSP/STM32F4xx-Control/stm32f4xx_control.o
 .data.SystemCoreClock
                0x00000000200000bc        0x4 ./Drivers/CMSIS/system_stm32f4xx.o
                0x00000000200000bc                SystemCoreClock
 .data.uwTickPrio
                0x00000000200000c0        0x4 ./Drivers/STM32F4xx_HAL_Driver/stm32f4xx_hal.o
                0x00000000200000c0                uwTickPrio
 .data.uwTickFreq
                0x00000000200000c4        0x1 ./Drivers/STM32F4xx_HAL_Driver/stm32f4xx_hal.o
                0x00000000200000c4                uwTickFreq
 *(.RamFunc)
 *(.RamFunc*)
                0x00000000200000c8                . = ALIGN (0x4)
 *fill*         0x00000000200000c5        0x3 
                0x00000000200000c8                _edata = .

.igot.plt       0x00000000200000c8        0x0 load address 0x00000000080058c4
 .igot.plt      0x00000000200000c8        0x0 c:/program files/stm32cubeide_1.8.0/stm32cubeide/plugins/com.st.stm32cube.ide.mcu.externaltools.gnu-tools-for-stm32.9-2020-q2-update.win32_2.0.0.202105311346/tools/bin/../lib/gcc/arm-none-eabi/9.3.1/thumb/v7e-m+fp/hard/crtbegin.o
                0x00000000200000c8                . = ALIGN (0x4)

.bss            0x00000000200000c8      0x15c load address 0x00000000080058c4
                0x00000000200000c8                _sbss = .
                0x00000000200000c8                __bss_start__ = _sbss
 *(.bss)
 .bss           0x00000000200000c8       0x1c c:/program files/stm32cubeide_1.8.0/stm32cubeide/plugins/com.st.stm32cube.ide.mcu.externaltools.gnu-tools-for-stm32.9-2020-q2-update.win32_2.0.0.202105311346/tools/bin/../lib/gcc/arm-none-eabi/9.3.1/thumb/v7e-m+fp/hard/crtbegin.o
 *(.bss*)
 .bss.app_state
                0x00000000200000e4        0x1 ./Application/User/Core/app_control.o
 *fill*         0x00000000200000e5        0x3 
 .bss.tickstart
                0x00000000200000e8        0x4 ./Application/User/Core/app_control.o
 .bss.time_out  0x00000000200000ec        0x1 ./Application/User/Core/app_control.o
 .bss.flag_tx_can
                0x00000000200000ed        0x1 ./Application/User/Core/can_hw.o
                0x00000000200000ed                flag_tx_can
 *fill*         0x00000000200000ee        0x2 
 .bss.i         0x00000000200000f0        0x4 ./Application/User/Core/can_hw.o
                0x00000000200000f0                i
 .bss.driving_modes_state
                0x00000000200000f4        0x1 ./Application/User/Core/driving_modes.o
 *fill*         0x00000000200000f5        0x3 
 .bss.BUZZER_htim
                0x00000000200000f8       0x48 ./Drivers/BSP/STM32F4xx-Control/stm32f4xx_control.o
 *(COMMON)
 COMMON         0x0000000020000140       0x28 ./Application/User/Core/can.o
                0x0000000020000140                hcan1
 COMMON         0x0000000020000168       0x70 ./Application/User/Core/can_hw.o
                0x0000000020000168                sFilterConfig
                0x0000000020000190                TxData
                0x0000000020000198                TxMailbox
                0x000000002000019c                RxData
                0x00000000200001a4                TxHeader
                0x00000000200001bc                RxHeader
 COMMON         0x00000000200001d8       0x48 ./Application/User/Core/tim.o
                0x00000000200001d8                htim7
 COMMON         0x0000000020000220        0x4 ./Drivers/STM32F4xx_HAL_Driver/stm32f4xx_hal.o
                0x0000000020000220                uwTick
                0x0000000020000224                . = ALIGN (0x4)
                0x0000000020000224                _ebss = .
                0x0000000020000224                __bss_end__ = _ebss

._user_heap_stack
                0x0000000020000224      0x604 load address 0x00000000080058c4
                0x0000000020000228                . = ALIGN (0x8)
 *fill*         0x0000000020000224        0x4 
                [!provide]                        PROVIDE (end = .)
                0x0000000020000228                PROVIDE (_end = .)
                0x0000000020000428                . = (. + _Min_Heap_Size)
 *fill*         0x0000000020000228      0x200 
                0x0000000020000828                . = (. + _Min_Stack_Size)
 *fill*         0x0000000020000428      0x400 
                0x0000000020000828                . = ALIGN (0x8)

/DISCARD/
 libc.a(*)
 libm.a(*)
 libgcc.a(*)

.ARM.attributes
                0x0000000000000000       0x30
 *(.ARM.attributes)
 .ARM.attributes
                0x0000000000000000       0x1e c:/program files/stm32cubeide_1.8.0/stm32cubeide/plugins/com.st.stm32cube.ide.mcu.externaltools.gnu-tools-for-stm32.9-2020-q2-update.win32_2.0.0.202105311346/tools/bin/../lib/gcc/arm-none-eabi/9.3.1/thumb/v7e-m+fp/hard/crti.o
 .ARM.attributes
                0x000000000000001e       0x34 c:/program files/stm32cubeide_1.8.0/stm32cubeide/plugins/com.st.stm32cube.ide.mcu.externaltools.gnu-tools-for-stm32.9-2020-q2-update.win32_2.0.0.202105311346/tools/bin/../lib/gcc/arm-none-eabi/9.3.1/thumb/v7e-m+fp/hard/crtbegin.o
 .ARM.attributes
                0x0000000000000052       0x34 ./Application/User/Core/app_control.o
 .ARM.attributes
                0x0000000000000086       0x39 ./Application/User/Core/buses.o
 .ARM.attributes
                0x00000000000000bf       0x34 ./Application/User/Core/can.o
 .ARM.attributes
                0x00000000000000f3       0x34 ./Application/User/Core/can_app.o
 .ARM.attributes
                0x0000000000000127       0x34 ./Application/User/Core/can_hw.o
 .ARM.attributes
                0x000000000000015b       0x34 ./Application/User/Core/decode_data.o
 .ARM.attributes
                0x000000000000018f       0x34 ./Application/User/Core/driving_modes.o
 .ARM.attributes
                0x00000000000001c3       0x34 ./Application/User/Core/failures.o
 .ARM.attributes
                0x00000000000001f7       0x34 ./Application/User/Core/indicators.o
 .ARM.attributes
                0x000000000000022b       0x34 ./Application/User/Core/main.o
 .ARM.attributes
                0x000000000000025f       0x34 ./Application/User/Core/monitoring.o
 .ARM.attributes
                0x0000000000000293       0x34 ./Application/User/Core/monitoring_api.o
 .ARM.attributes
                0x00000000000002c7       0x34 ./Application/User/Core/rampa_pedal.o
 .ARM.attributes
                0x00000000000002fb       0x34 ./Application/User/Core/stm32f4xx_hal_msp.o
 .ARM.attributes
                0x000000000000032f       0x34 ./Application/User/Core/stm32f4xx_it.o
 .ARM.attributes
                0x0000000000000363       0x34 ./Application/User/Core/tim.o
 .ARM.attributes
                0x0000000000000397       0x21 ./Application/User/Startup/startup_stm32f446vetx.o
 .ARM.attributes
                0x00000000000003b8       0x34 ./Drivers/BSP/STM32F4xx-Control/stm32f4xx_control.o
 .ARM.attributes
                0x00000000000003ec       0x34 ./Drivers/CAN_Driver/can_api.o
 .ARM.attributes
                0x0000000000000420       0x34 ./Drivers/CMSIS/system_stm32f4xx.o
 .ARM.attributes
                0x0000000000000454       0x34 ./Drivers/STM32F4xx_HAL_Driver/stm32f4xx_hal.o
 .ARM.attributes
                0x0000000000000488       0x34 ./Drivers/STM32F4xx_HAL_Driver/stm32f4xx_hal_can.o
 .ARM.attributes
                0x00000000000004bc       0x34 ./Drivers/STM32F4xx_HAL_Driver/stm32f4xx_hal_cortex.o
 .ARM.attributes
                0x00000000000004f0       0x34 ./Drivers/STM32F4xx_HAL_Driver/stm32f4xx_hal_gpio.o
 .ARM.attributes
                0x0000000000000524       0x34 ./Drivers/STM32F4xx_HAL_Driver/stm32f4xx_hal_rcc.o
 .ARM.attributes
                0x0000000000000558       0x34 ./Drivers/STM32F4xx_HAL_Driver/stm32f4xx_hal_rcc_ex.o
 .ARM.attributes
                0x000000000000058c       0x34 ./Drivers/STM32F4xx_HAL_Driver/stm32f4xx_hal_tim.o
 .ARM.attributes
                0x00000000000005c0       0x34 ./Drivers/STM32F4xx_HAL_Driver/stm32f4xx_hal_tim_ex.o
 .ARM.attributes
                0x00000000000005f4       0x34 c:/program files/stm32cubeide_1.8.0/stm32cubeide/plugins/com.st.stm32cube.ide.mcu.externaltools.gnu-tools-for-stm32.9-2020-q2-update.win32_2.0.0.202105311346/tools/bin/../lib/gcc/arm-none-eabi/9.3.1/../../../../arm-none-eabi/lib/thumb/v7e-m+fp/hard\libc_nano.a(lib_a-init.o)
 .ARM.attributes
                0x0000000000000628       0x34 c:/program files/stm32cubeide_1.8.0/stm32cubeide/plugins/com.st.stm32cube.ide.mcu.externaltools.gnu-tools-for-stm32.9-2020-q2-update.win32_2.0.0.202105311346/tools/bin/../lib/gcc/arm-none-eabi/9.3.1/../../../../arm-none-eabi/lib/thumb/v7e-m+fp/hard\libc_nano.a(lib_a-memset.o)
 .ARM.attributes
                0x000000000000065c       0x34 c:/program files/stm32cubeide_1.8.0/stm32cubeide/plugins/com.st.stm32cube.ide.mcu.externaltools.gnu-tools-for-stm32.9-2020-q2-update.win32_2.0.0.202105311346/tools/bin/../lib/gcc/arm-none-eabi/9.3.1/../../../../arm-none-eabi/lib/thumb/v7e-m+fp/hard\libm.a(lib_a-s_round.o)
 .ARM.attributes
                0x0000000000000690       0x1e c:/program files/stm32cubeide_1.8.0/stm32cubeide/plugins/com.st.stm32cube.ide.mcu.externaltools.gnu-tools-for-stm32.9-2020-q2-update.win32_2.0.0.202105311346/tools/bin/../lib/gcc/arm-none-eabi/9.3.1/thumb/v7e-m+fp/hard\libgcc.a(_arm_muldf3.o)
 .ARM.attributes
                0x00000000000006ae       0x1e c:/program files/stm32cubeide_1.8.0/stm32cubeide/plugins/com.st.stm32cube.ide.mcu.externaltools.gnu-tools-for-stm32.9-2020-q2-update.win32_2.0.0.202105311346/tools/bin/../lib/gcc/arm-none-eabi/9.3.1/thumb/v7e-m+fp/hard\libgcc.a(_arm_addsubdf3.o)
 .ARM.attributes
                0x00000000000006cc       0x1e c:/program files/stm32cubeide_1.8.0/stm32cubeide/plugins/com.st.stm32cube.ide.mcu.externaltools.gnu-tools-for-stm32.9-2020-q2-update.win32_2.0.0.202105311346/tools/bin/../lib/gcc/arm-none-eabi/9.3.1/thumb/v7e-m+fp/hard\libgcc.a(_arm_fixunsdfsi.o)
 .ARM.attributes
                0x00000000000006ea       0x1e c:/program files/stm32cubeide_1.8.0/stm32cubeide/plugins/com.st.stm32cube.ide.mcu.externaltools.gnu-tools-for-stm32.9-2020-q2-update.win32_2.0.0.202105311346/tools/bin/../lib/gcc/arm-none-eabi/9.3.1/thumb/v7e-m+fp/hard\libgcc.a(_arm_truncdfsf2.o)
 .ARM.attributes
                0x0000000000000708       0x1e c:/program files/stm32cubeide_1.8.0/stm32cubeide/plugins/com.st.stm32cube.ide.mcu.externaltools.gnu-tools-for-stm32.9-2020-q2-update.win32_2.0.0.202105311346/tools/bin/../lib/gcc/arm-none-eabi/9.3.1/thumb/v7e-m+fp/hard\libgcc.a(_aeabi_uldivmod.o)
 .ARM.attributes
                0x0000000000000726       0x34 c:/program files/stm32cubeide_1.8.0/stm32cubeide/plugins/com.st.stm32cube.ide.mcu.externaltools.gnu-tools-for-stm32.9-2020-q2-update.win32_2.0.0.202105311346/tools/bin/../lib/gcc/arm-none-eabi/9.3.1/thumb/v7e-m+fp/hard\libgcc.a(_udivmoddi4.o)
 .ARM.attributes
                0x000000000000075a       0x1e c:/program files/stm32cubeide_1.8.0/stm32cubeide/plugins/com.st.stm32cube.ide.mcu.externaltools.gnu-tools-for-stm32.9-2020-q2-update.win32_2.0.0.202105311346/tools/bin/../lib/gcc/arm-none-eabi/9.3.1/thumb/v7e-m+fp/hard\libgcc.a(_dvmd_tls.o)
 .ARM.attributes
                0x0000000000000778       0x1e c:/program files/stm32cubeide_1.8.0/stm32cubeide/plugins/com.st.stm32cube.ide.mcu.externaltools.gnu-tools-for-stm32.9-2020-q2-update.win32_2.0.0.202105311346/tools/bin/../lib/gcc/arm-none-eabi/9.3.1/thumb/v7e-m+fp/hard/crtn.o
OUTPUT(Control.elf elf32-littlearm)
LOAD linker stubs
LOAD c:/program files/stm32cubeide_1.8.0/stm32cubeide/plugins/com.st.stm32cube.ide.mcu.externaltools.gnu-tools-for-stm32.9-2020-q2-update.win32_2.0.0.202105311346/tools/bin/../lib/gcc/arm-none-eabi/9.3.1/../../../../arm-none-eabi/lib/thumb/v7e-m+fp/hard\libc.a
LOAD c:/program files/stm32cubeide_1.8.0/stm32cubeide/plugins/com.st.stm32cube.ide.mcu.externaltools.gnu-tools-for-stm32.9-2020-q2-update.win32_2.0.0.202105311346/tools/bin/../lib/gcc/arm-none-eabi/9.3.1/../../../../arm-none-eabi/lib/thumb/v7e-m+fp/hard\libm.a
LOAD c:/program files/stm32cubeide_1.8.0/stm32cubeide/plugins/com.st.stm32cube.ide.mcu.externaltools.gnu-tools-for-stm32.9-2020-q2-update.win32_2.0.0.202105311346/tools/bin/../lib/gcc/arm-none-eabi/9.3.1/thumb/v7e-m+fp/hard\libgcc.a

.debug_info     0x0000000000000000    0x1972b
 .debug_info    0x0000000000000000     0x1d8d ./Application/User/Core/app_control.o
 .debug_info    0x0000000000001d8d      0xfce ./Application/User/Core/buses.o
 .debug_info    0x0000000000002d5b      0x967 ./Application/User/Core/can.o
 .debug_info    0x00000000000036c2     0x1cc4 ./Application/User/Core/can_app.o
 .debug_info    0x0000000000005386     0x1001 ./Application/User/Core/can_hw.o
 .debug_info    0x0000000000006387     0x10a7 ./Application/User/Core/decode_data.o
 .debug_info    0x000000000000742e     0x1151 ./Application/User/Core/driving_modes.o
 .debug_info    0x000000000000857f     0x10e5 ./Application/User/Core/failures.o
 .debug_info    0x0000000000009664     0x1117 ./Application/User/Core/indicators.o
 .debug_info    0x000000000000a77b      0x5ca ./Application/User/Core/main.o
 .debug_info    0x000000000000ad45     0x11d3 ./Application/User/Core/monitoring.o
 .debug_info    0x000000000000bf18      0xf07 ./Application/User/Core/monitoring_api.o
 .debug_info    0x000000000000ce1f     0x111a ./Application/User/Core/rampa_pedal.o
 .debug_info    0x000000000000df39      0x3cc ./Application/User/Core/stm32f4xx_hal_msp.o
 .debug_info    0x000000000000e305      0x801 ./Application/User/Core/stm32f4xx_it.o
 .debug_info    0x000000000000eb06      0xc85 ./Application/User/Core/tim.o
 .debug_info    0x000000000000f78b       0x22 ./Application/User/Startup/startup_stm32f446vetx.o
 .debug_info    0x000000000000f7ad      0xdaa ./Drivers/BSP/STM32F4xx-Control/stm32f4xx_control.o
 .debug_info    0x0000000000010557      0x3b5 ./Drivers/CAN_Driver/can_api.o
 .debug_info    0x000000000001090c      0x5dc ./Drivers/CMSIS/system_stm32f4xx.o
 .debug_info    0x0000000000010ee8      0xa08 ./Drivers/STM32F4xx_HAL_Driver/stm32f4xx_hal.o
 .debug_info    0x00000000000118f0     0x108f ./Drivers/STM32F4xx_HAL_Driver/stm32f4xx_hal_can.o
 .debug_info    0x000000000001297f      0xef5 ./Drivers/STM32F4xx_HAL_Driver/stm32f4xx_hal_cortex.o
 .debug_info    0x0000000000013874      0x892 ./Drivers/STM32F4xx_HAL_Driver/stm32f4xx_hal_gpio.o
 .debug_info    0x0000000000014106      0x9db ./Drivers/STM32F4xx_HAL_Driver/stm32f4xx_hal_rcc.o
 .debug_info    0x0000000000014ae1      0xa86 ./Drivers/STM32F4xx_HAL_Driver/stm32f4xx_hal_rcc_ex.o
 .debug_info    0x0000000000015567     0x2c22 ./Drivers/STM32F4xx_HAL_Driver/stm32f4xx_hal_tim.o
 .debug_info    0x0000000000018189     0x15a2 ./Drivers/STM32F4xx_HAL_Driver/stm32f4xx_hal_tim_ex.o

.debug_abbrev   0x0000000000000000     0x3632
 .debug_abbrev  0x0000000000000000      0x2b6 ./Application/User/Core/app_control.o
 .debug_abbrev  0x00000000000002b6      0x1a1 ./Application/User/Core/buses.o
 .debug_abbrev  0x0000000000000457      0x1d5 ./Application/User/Core/can.o
 .debug_abbrev  0x000000000000062c      0x258 ./Application/User/Core/can_app.o
 .debug_abbrev  0x0000000000000884      0x22c ./Application/User/Core/can_hw.o
 .debug_abbrev  0x0000000000000ab0      0x1e8 ./Application/User/Core/decode_data.o
 .debug_abbrev  0x0000000000000c98      0x220 ./Application/User/Core/driving_modes.o
 .debug_abbrev  0x0000000000000eb8      0x269 ./Application/User/Core/failures.o
 .debug_abbrev  0x0000000000001121      0x1e4 ./Application/User/Core/indicators.o
 .debug_abbrev  0x0000000000001305      0x1aa ./Application/User/Core/main.o
 .debug_abbrev  0x00000000000014af      0x206 ./Application/User/Core/monitoring.o
 .debug_abbrev  0x00000000000016b5      0x1fd ./Application/User/Core/monitoring_api.o
 .debug_abbrev  0x00000000000018b2      0x242 ./Application/User/Core/rampa_pedal.o
 .debug_abbrev  0x0000000000001af4      0x11d ./Application/User/Core/stm32f4xx_hal_msp.o
 .debug_abbrev  0x0000000000001c11      0x176 ./Application/User/Core/stm32f4xx_it.o
 .debug_abbrev  0x0000000000001d87      0x1bb ./Application/User/Core/tim.o
 .debug_abbrev  0x0000000000001f42       0x12 ./Application/User/Startup/startup_stm32f446vetx.o
 .debug_abbrev  0x0000000000001f54      0x1df ./Drivers/BSP/STM32F4xx-Control/stm32f4xx_control.o
 .debug_abbrev  0x0000000000002133      0x13f ./Drivers/CAN_Driver/can_api.o
 .debug_abbrev  0x0000000000002272      0x145 ./Drivers/CMSIS/system_stm32f4xx.o
 .debug_abbrev  0x00000000000023b7      0x1ed ./Drivers/STM32F4xx_HAL_Driver/stm32f4xx_hal.o
 .debug_abbrev  0x00000000000025a4      0x246 ./Drivers/STM32F4xx_HAL_Driver/stm32f4xx_hal_can.o
 .debug_abbrev  0x00000000000027ea      0x33c ./Drivers/STM32F4xx_HAL_Driver/stm32f4xx_hal_cortex.o
 .debug_abbrev  0x0000000000002b26      0x1f1 ./Drivers/STM32F4xx_HAL_Driver/stm32f4xx_hal_gpio.o
 .debug_abbrev  0x0000000000002d17      0x275 ./Drivers/STM32F4xx_HAL_Driver/stm32f4xx_hal_rcc.o
 .debug_abbrev  0x0000000000002f8c      0x1e2 ./Drivers/STM32F4xx_HAL_Driver/stm32f4xx_hal_rcc_ex.o
 .debug_abbrev  0x000000000000316e      0x25e ./Drivers/STM32F4xx_HAL_Driver/stm32f4xx_hal_tim.o
 .debug_abbrev  0x00000000000033cc      0x266 ./Drivers/STM32F4xx_HAL_Driver/stm32f4xx_hal_tim_ex.o

.debug_aranges  0x0000000000000000      0xe50
 .debug_aranges
                0x0000000000000000       0x30 ./Application/User/Core/app_control.o
 .debug_aranges
                0x0000000000000030       0x18 ./Application/User/Core/buses.o
 .debug_aranges
                0x0000000000000048       0x30 ./Application/User/Core/can.o
 .debug_aranges
                0x0000000000000078       0x30 ./Application/User/Core/can_app.o
 .debug_aranges
                0x00000000000000a8       0x38 ./Application/User/Core/can_hw.o
 .debug_aranges
                0x00000000000000e0       0x40 ./Application/User/Core/decode_data.o
 .debug_aranges
                0x0000000000000120       0x30 ./Application/User/Core/driving_modes.o
 .debug_aranges
                0x0000000000000150       0x48 ./Application/User/Core/failures.o
 .debug_aranges
                0x0000000000000198       0x30 ./Application/User/Core/indicators.o
 .debug_aranges
                0x00000000000001c8       0x30 ./Application/User/Core/main.o
 .debug_aranges
                0x00000000000001f8       0x38 ./Application/User/Core/monitoring.o
 .debug_aranges
                0x0000000000000230       0x60 ./Application/User/Core/monitoring_api.o
 .debug_aranges
                0x0000000000000290       0x48 ./Application/User/Core/rampa_pedal.o
 .debug_aranges
                0x00000000000002d8       0x20 ./Application/User/Core/stm32f4xx_hal_msp.o
 .debug_aranges
                0x00000000000002f8       0x68 ./Application/User/Core/stm32f4xx_it.o
 .debug_aranges
                0x0000000000000360       0x30 ./Application/User/Core/tim.o
 .debug_aranges
                0x0000000000000390       0x28 ./Application/User/Startup/startup_stm32f446vetx.o
 .debug_aranges
                0x00000000000003b8       0x68 ./Drivers/BSP/STM32F4xx-Control/stm32f4xx_control.o
 .debug_aranges
                0x0000000000000420       0x38 ./Drivers/CAN_Driver/can_api.o
 .debug_aranges
                0x0000000000000458       0x28 ./Drivers/CMSIS/system_stm32f4xx.o
 .debug_aranges
                0x0000000000000480       0xf0 ./Drivers/STM32F4xx_HAL_Driver/stm32f4xx_hal.o
 .debug_aranges
                0x0000000000000570      0x138 ./Drivers/STM32F4xx_HAL_Driver/stm32f4xx_hal_can.o
 .debug_aranges
                0x00000000000006a8      0x118 ./Drivers/STM32F4xx_HAL_Driver/stm32f4xx_hal_cortex.o
 .debug_aranges
                0x00000000000007c0       0x58 ./Drivers/STM32F4xx_HAL_Driver/stm32f4xx_hal_gpio.o
 .debug_aranges
                0x0000000000000818       0x88 ./Drivers/STM32F4xx_HAL_Driver/stm32f4xx_hal_rcc.o
 .debug_aranges
                0x00000000000008a0       0x78 ./Drivers/STM32F4xx_HAL_Driver/stm32f4xx_hal_rcc_ex.o
 .debug_aranges
                0x0000000000000918      0x3d0 ./Drivers/STM32F4xx_HAL_Driver/stm32f4xx_hal_tim.o
 .debug_aranges
                0x0000000000000ce8      0x168 ./Drivers/STM32F4xx_HAL_Driver/stm32f4xx_hal_tim_ex.o

.debug_ranges   0x0000000000000000      0xc90
 .debug_ranges  0x0000000000000000       0x20 ./Application/User/Core/app_control.o
 .debug_ranges  0x0000000000000020       0x20 ./Application/User/Core/can.o
 .debug_ranges  0x0000000000000040       0x20 ./Application/User/Core/can_app.o
 .debug_ranges  0x0000000000000060       0x28 ./Application/User/Core/can_hw.o
 .debug_ranges  0x0000000000000088       0x30 ./Application/User/Core/decode_data.o
 .debug_ranges  0x00000000000000b8       0x20 ./Application/User/Core/driving_modes.o
 .debug_ranges  0x00000000000000d8       0x38 ./Application/User/Core/failures.o
 .debug_ranges  0x0000000000000110       0x20 ./Application/User/Core/indicators.o
 .debug_ranges  0x0000000000000130       0x20 ./Application/User/Core/main.o
 .debug_ranges  0x0000000000000150       0x28 ./Application/User/Core/monitoring.o
 .debug_ranges  0x0000000000000178       0x50 ./Application/User/Core/monitoring_api.o
 .debug_ranges  0x00000000000001c8       0x38 ./Application/User/Core/rampa_pedal.o
 .debug_ranges  0x0000000000000200       0x10 ./Application/User/Core/stm32f4xx_hal_msp.o
 .debug_ranges  0x0000000000000210       0x58 ./Application/User/Core/stm32f4xx_it.o
 .debug_ranges  0x0000000000000268       0x20 ./Application/User/Core/tim.o
 .debug_ranges  0x0000000000000288       0x20 ./Application/User/Startup/startup_stm32f446vetx.o
 .debug_ranges  0x00000000000002a8       0x58 ./Drivers/BSP/STM32F4xx-Control/stm32f4xx_control.o
 .debug_ranges  0x0000000000000300       0x28 ./Drivers/CAN_Driver/can_api.o
 .debug_ranges  0x0000000000000328       0x18 ./Drivers/CMSIS/system_stm32f4xx.o
 .debug_ranges  0x0000000000000340       0xe0 ./Drivers/STM32F4xx_HAL_Driver/stm32f4xx_hal.o
 .debug_ranges  0x0000000000000420      0x128 ./Drivers/STM32F4xx_HAL_Driver/stm32f4xx_hal_can.o
 .debug_ranges  0x0000000000000548      0x108 ./Drivers/STM32F4xx_HAL_Driver/stm32f4xx_hal_cortex.o
 .debug_ranges  0x0000000000000650       0x48 ./Drivers/STM32F4xx_HAL_Driver/stm32f4xx_hal_gpio.o
 .debug_ranges  0x0000000000000698       0x78 ./Drivers/STM32F4xx_HAL_Driver/stm32f4xx_hal_rcc.o
 .debug_ranges  0x0000000000000710       0x68 ./Drivers/STM32F4xx_HAL_Driver/stm32f4xx_hal_rcc_ex.o
 .debug_ranges  0x0000000000000778      0x3c0 ./Drivers/STM32F4xx_HAL_Driver/stm32f4xx_hal_tim.o
 .debug_ranges  0x0000000000000b38      0x158 ./Drivers/STM32F4xx_HAL_Driver/stm32f4xx_hal_tim_ex.o

.debug_macro    0x0000000000000000    0x24960
 .debug_macro   0x0000000000000000      0x435 ./Application/User/Core/app_control.o
 .debug_macro   0x0000000000000435      0xaa8 ./Application/User/Core/app_control.o
 .debug_macro   0x0000000000000edd       0x22 ./Application/User/Core/app_control.o
 .debug_macro   0x0000000000000eff       0x4c ./Application/User/Core/app_control.o
 .debug_macro   0x0000000000000f4b       0x18 ./Application/User/Core/app_control.o
 .debug_macro   0x0000000000000f63       0x94 ./Application/User/Core/app_control.o
 .debug_macro   0x0000000000000ff7       0x3c ./Application/User/Core/app_control.o
 .debug_macro   0x0000000000001033       0x34 ./Application/User/Core/app_control.o
 .debug_macro   0x0000000000001067       0x16 ./Application/User/Core/app_control.o
 .debug_macro   0x000000000000107d       0x57 ./Application/User/Core/app_control.o
 .debug_macro   0x00000000000010d4       0x97 ./Application/User/Core/app_control.o
 .debug_macro   0x000000000000116b      0x339 ./Application/User/Core/app_control.o
 .debug_macro   0x00000000000014a4       0xfd ./Application/User/Core/app_control.o
 .debug_macro   0x00000000000015a1       0x10 ./Application/User/Core/app_control.o
 .debug_macro   0x00000000000015b1       0x16 ./Application/User/Core/app_control.o
 .debug_macro   0x00000000000015c7       0x43 ./Application/User/Core/app_control.o
 .debug_macro   0x000000000000160a       0x34 ./Application/User/Core/app_control.o
 .debug_macro   0x000000000000163e       0x10 ./Application/User/Core/app_control.o
 .debug_macro   0x000000000000164e       0x58 ./Application/User/Core/app_control.o
 .debug_macro   0x00000000000016a6       0x71 ./Application/User/Core/app_control.o
 .debug_macro   0x0000000000001717       0x1c ./Application/User/Core/app_control.o
 .debug_macro   0x0000000000001733      0x12a ./Application/User/Core/app_control.o
 .debug_macro   0x000000000000185d       0x10 ./Application/User/Core/app_control.o
 .debug_macro   0x000000000000186d       0x6a ./Application/User/Core/app_control.o
 .debug_macro   0x00000000000018d7       0x1c ./Application/User/Core/app_control.o
 .debug_macro   0x00000000000018f3       0x52 ./Application/User/Core/app_control.o
 .debug_macro   0x0000000000001945       0x22 ./Application/User/Core/app_control.o
 .debug_macro   0x0000000000001967       0x10 ./Application/User/Core/app_control.o
 .debug_macro   0x0000000000001977       0x40 ./Application/User/Core/app_control.o
 .debug_macro   0x00000000000019b7       0xd5 ./Application/User/Core/app_control.o
 .debug_macro   0x0000000000001a8c       0x1c ./Application/User/Core/app_control.o
 .debug_macro   0x0000000000001aa8       0x3d ./Application/User/Core/app_control.o
 .debug_macro   0x0000000000001ae5       0x16 ./Application/User/Core/app_control.o
 .debug_macro   0x0000000000001afb      0x145 ./Application/User/Core/app_control.o
 .debug_macro   0x0000000000001c40      0x103 ./Application/User/Core/app_control.o
 .debug_macro   0x0000000000001d43      0x1df ./Application/User/Core/app_control.o
 .debug_macro   0x0000000000001f22       0x22 ./Application/User/Core/app_control.o
 .debug_macro   0x0000000000001f44      0x130 ./Application/User/Core/app_control.o
 .debug_macro   0x0000000000002074      0x29b ./Application/User/Core/app_control.o
 .debug_macro   0x000000000000230f       0x2e ./Application/User/Core/app_control.o
 .debug_macro   0x000000000000233d       0x28 ./Application/User/Core/app_control.o
 .debug_macro   0x0000000000002365       0x1c ./Application/User/Core/app_control.o
 .debug_macro   0x0000000000002381       0x22 ./Application/User/Core/app_control.o
 .debug_macro   0x00000000000023a3       0xd9 ./Application/User/Core/app_control.o
 .debug_macro   0x000000000000247c     0x102d ./Application/User/Core/app_control.o
 .debug_macro   0x00000000000034a9      0x11f ./Application/User/Core/app_control.o
 .debug_macro   0x00000000000035c8    0x16749 ./Application/User/Core/app_control.o
 .debug_macro   0x0000000000019d11       0x6d ./Application/User/Core/app_control.o
 .debug_macro   0x0000000000019d7e     0x3666 ./Application/User/Core/app_control.o
 .debug_macro   0x000000000001d3e4       0x56 ./Application/User/Core/app_control.o
 .debug_macro   0x000000000001d43a      0xc90 ./Application/User/Core/app_control.o
 .debug_macro   0x000000000001e0ca      0x9fe ./Application/User/Core/app_control.o
 .debug_macro   0x000000000001eac8      0x116 ./Application/User/Core/app_control.o
 .debug_macro   0x000000000001ebde      0x1a0 ./Application/User/Core/app_control.o
 .debug_macro   0x000000000001ed7e       0xa5 ./Application/User/Core/app_control.o
 .debug_macro   0x000000000001ee23      0x16d ./Application/User/Core/app_control.o
 .debug_macro   0x000000000001ef90      0x287 ./Application/User/Core/app_control.o
 .debug_macro   0x000000000001f217       0x5f ./Application/User/Core/app_control.o
 .debug_macro   0x000000000001f276      0x236 ./Application/User/Core/app_control.o
 .debug_macro   0x000000000001f4ac      0x40f ./Application/User/Core/app_control.o
 .debug_macro   0x000000000001f8bb      0x132 ./Application/User/Core/app_control.o
 .debug_macro   0x000000000001f9ed      0x29c ./Application/User/Core/app_control.o
 .debug_macro   0x000000000001fc89       0x2e ./Application/User/Core/app_control.o
 .debug_macro   0x000000000001fcb7      0x11a ./Application/User/Core/app_control.o
 .debug_macro   0x000000000001fdd1       0xe8 ./Application/User/Core/app_control.o
 .debug_macro   0x000000000001feb9       0x89 ./Application/User/Core/app_control.o
 .debug_macro   0x000000000001ff42      0x8d1 ./Application/User/Core/app_control.o
 .debug_macro   0x0000000000020813       0x4d ./Application/User/Core/app_control.o
 .debug_macro   0x0000000000020860      0x126 ./Application/User/Core/app_control.o
 .debug_macro   0x0000000000020986       0x52 ./Application/User/Core/app_control.o
 .debug_macro   0x00000000000209d8       0x8e ./Application/User/Core/app_control.o
 .debug_macro   0x0000000000020a66      0x1a9 ./Application/User/Core/app_control.o
 .debug_macro   0x0000000000020c0f       0x10 ./Application/User/Core/app_control.o
 .debug_macro   0x0000000000020c1f      0x1e7 ./Application/User/Core/buses.o
 .debug_macro   0x0000000000020e06      0x1fa ./Application/User/Core/can.o
 .debug_macro   0x0000000000021000       0x8e ./Application/User/Core/can.o
 .debug_macro   0x000000000002108e       0x51 ./Application/User/Core/can.o
 .debug_macro   0x00000000000210df       0xdf ./Application/User/Core/can.o
 .debug_macro   0x00000000000211be      0x174 ./Application/User/Core/can.o
 .debug_macro   0x0000000000021332       0x5c ./Application/User/Core/can.o
 .debug_macro   0x000000000002138e      0x3d1 ./Application/User/Core/can_app.o
 .debug_macro   0x000000000002175f       0x52 ./Application/User/Core/can_app.o
 .debug_macro   0x00000000000217b1       0x35 ./Application/User/Core/can_app.o
 .debug_macro   0x00000000000217e6      0x333 ./Application/User/Core/can_app.o
 .debug_macro   0x0000000000021b19      0x247 ./Application/User/Core/can_hw.o
 .debug_macro   0x0000000000021d60      0x1f1 ./Application/User/Core/decode_data.o
 .debug_macro   0x0000000000021f51      0x383 ./Application/User/Core/driving_modes.o
 .debug_macro   0x00000000000222d4      0x1f1 ./Application/User/Core/failures.o
 .debug_macro   0x00000000000224c5      0x38b ./Application/User/Core/indicators.o
 .debug_macro   0x0000000000022850      0x1fa ./Application/User/Core/main.o
 .debug_macro   0x0000000000022a4a      0x201 ./Application/User/Core/monitoring.o
 .debug_macro   0x0000000000022c4b      0x1de ./Application/User/Core/monitoring_api.o
 .debug_macro   0x0000000000022e29      0x1fe ./Application/User/Core/rampa_pedal.o
 .debug_macro   0x0000000000023027       0x1c ./Application/User/Core/rampa_pedal.o
 .debug_macro   0x0000000000023043      0x1f0 ./Application/User/Core/stm32f4xx_hal_msp.o
 .debug_macro   0x0000000000023233      0x1fa ./Application/User/Core/stm32f4xx_it.o
 .debug_macro   0x000000000002342d      0x1fa ./Application/User/Core/tim.o
 .debug_macro   0x0000000000023627      0x1e6 ./Drivers/BSP/STM32F4xx-Control/stm32f4xx_control.o
 .debug_macro   0x000000000002380d       0x82 ./Drivers/CAN_Driver/can_api.o
 .debug_macro   0x000000000002388f      0x1ce ./Drivers/CMSIS/system_stm32f4xx.o
 .debug_macro   0x0000000000023a5d      0x22e ./Drivers/STM32F4xx_HAL_Driver/stm32f4xx_hal.o
 .debug_macro   0x0000000000023c8b      0x1d6 ./Drivers/STM32F4xx_HAL_Driver/stm32f4xx_hal_can.o
 .debug_macro   0x0000000000023e61      0x1ce ./Drivers/STM32F4xx_HAL_Driver/stm32f4xx_hal_cortex.o
 .debug_macro   0x000000000002402f      0x1d4 ./Drivers/STM32F4xx_HAL_Driver/stm32f4xx_hal_gpio.o
 .debug_macro   0x0000000000024203      0x1f2 ./Drivers/STM32F4xx_HAL_Driver/stm32f4xx_hal_rcc.o
 .debug_macro   0x00000000000243f5      0x1ce ./Drivers/STM32F4xx_HAL_Driver/stm32f4xx_hal_rcc_ex.o
 .debug_macro   0x00000000000245c3      0x1cf ./Drivers/STM32F4xx_HAL_Driver/stm32f4xx_hal_tim.o
 .debug_macro   0x0000000000024792      0x1ce ./Drivers/STM32F4xx_HAL_Driver/stm32f4xx_hal_tim_ex.o

.debug_line     0x0000000000000000    0x1498c
 .debug_line    0x0000000000000000      0xba1 ./Application/User/Core/app_control.o
 .debug_line    0x0000000000000ba1      0x617 ./Application/User/Core/buses.o
 .debug_line    0x00000000000011b8      0x807 ./Application/User/Core/can.o
 .debug_line    0x00000000000019bf      0xbb2 ./Application/User/Core/can_app.o
 .debug_line    0x0000000000002571      0x8c1 ./Application/User/Core/can_hw.o
 .debug_line    0x0000000000002e32      0x815 ./Application/User/Core/decode_data.o
 .debug_line    0x0000000000003647      0xb0e ./Application/User/Core/driving_modes.o
 .debug_line    0x0000000000004155      0x804 ./Application/User/Core/failures.o
 .debug_line    0x0000000000004959      0xa63 ./Application/User/Core/indicators.o
 .debug_line    0x00000000000053bc      0x81d ./Application/User/Core/main.o
 .debug_line    0x0000000000005bd9      0x6f2 ./Application/User/Core/monitoring.o
 .debug_line    0x00000000000062cb      0x96c ./Application/User/Core/monitoring_api.o
 .debug_line    0x0000000000006c37      0x80e ./Application/User/Core/rampa_pedal.o
 .debug_line    0x0000000000007445      0x799 ./Application/User/Core/stm32f4xx_hal_msp.o
 .debug_line    0x0000000000007bde      0x874 ./Application/User/Core/stm32f4xx_it.o
 .debug_line    0x0000000000008452      0x7f4 ./Application/User/Core/tim.o
 .debug_line    0x0000000000008c46       0x94 ./Application/User/Startup/startup_stm32f446vetx.o
 .debug_line    0x0000000000008cda      0x8d3 ./Drivers/BSP/STM32F4xx-Control/stm32f4xx_control.o
 .debug_line    0x00000000000095ad      0x4d0 ./Drivers/CAN_Driver/can_api.o
 .debug_line    0x0000000000009a7d      0x7c3 ./Drivers/CMSIS/system_stm32f4xx.o
 .debug_line    0x000000000000a240      0xa29 ./Drivers/STM32F4xx_HAL_Driver/stm32f4xx_hal.o
 .debug_line    0x000000000000ac69     0x1195 ./Drivers/STM32F4xx_HAL_Driver/stm32f4xx_hal_can.o
 .debug_line    0x000000000000bdfe      0xcd8 ./Drivers/STM32F4xx_HAL_Driver/stm32f4xx_hal_cortex.o
 .debug_line    0x000000000000cad6      0xb8b ./Drivers/STM32F4xx_HAL_Driver/stm32f4xx_hal_gpio.o
 .debug_line    0x000000000000d661      0xdb1 ./Drivers/STM32F4xx_HAL_Driver/stm32f4xx_hal_rcc.o
 .debug_line    0x000000000000e412     0x1437 ./Drivers/STM32F4xx_HAL_Driver/stm32f4xx_hal_rcc_ex.o
 .debug_line    0x000000000000f849     0x371d ./Drivers/STM32F4xx_HAL_Driver/stm32f4xx_hal_tim.o
 .debug_line    0x0000000000012f66     0x1a26 ./Drivers/STM32F4xx_HAL_Driver/stm32f4xx_hal_tim_ex.o

.debug_str      0x0000000000000000    0xd37fe
 .debug_str     0x0000000000000000    0xcf350 ./Application/User/Core/app_control.o
                                      0xcf80f (size before relaxing)
 .debug_str     0x00000000000cf350       0x55 ./Application/User/Core/buses.o
                                       0x8c73 (size before relaxing)
 .debug_str     0x00000000000cf3a5      0x221 ./Application/User/Core/can.o
                                      0xc9d7e (size before relaxing)
 .debug_str     0x00000000000cf5c6       0x9a ./Application/User/Core/can_app.o
                                      0xceee2 (size before relaxing)
 .debug_str     0x00000000000cf660      0x204 ./Application/User/Core/can_hw.o
                                      0xca4ac (size before relaxing)
 .debug_str     0x00000000000cf864       0xd9 ./Application/User/Core/decode_data.o
                                       0x8d42 (size before relaxing)
 .debug_str     0x00000000000cf93d       0xf7 ./Application/User/Core/driving_modes.o
                                      0xce5b8 (size before relaxing)
 .debug_str     0x00000000000cfa34      0x123 ./Application/User/Core/failures.o
                                       0x8d63 (size before relaxing)
 .debug_str     0x00000000000cfb57       0xf7 ./Application/User/Core/indicators.o
                                      0xce5be (size before relaxing)
 .debug_str     0x00000000000cfc4e      0x1a2 ./Application/User/Core/main.o
                                      0xc9bbf (size before relaxing)
 .debug_str     0x00000000000cfdf0      0x2d1 ./Application/User/Core/monitoring.o
                                       0x8f12 (size before relaxing)
 .debug_str     0x00000000000d00c1      0x1d5 ./Application/User/Core/monitoring_api.o
                                       0x8640 (size before relaxing)
 .debug_str     0x00000000000d0296      0x100 ./Application/User/Core/rampa_pedal.o
                                       0x9580 (size before relaxing)
 .debug_str     0x00000000000d0396       0x6d ./Application/User/Core/stm32f4xx_hal_msp.o
                                      0xc9a4e (size before relaxing)
 .debug_str     0x00000000000d0403      0x10e ./Application/User/Core/stm32f4xx_it.o
                                      0xc9eee (size before relaxing)
 .debug_str     0x00000000000d0511      0x5e7 ./Application/User/Core/tim.o
                                      0xca54d (size before relaxing)
 .debug_str     0x00000000000d0af8       0x42 ./Application/User/Startup/startup_stm32f446vetx.o
                                         0x99 (size before relaxing)
 .debug_str     0x00000000000d0b3a      0x205 ./Drivers/BSP/STM32F4xx-Control/stm32f4xx_control.o
                                      0xca194 (size before relaxing)
 .debug_str     0x00000000000d0d3f      0x121 ./Drivers/CAN_Driver/can_api.o
                                       0x3f70 (size before relaxing)
 .debug_str     0x00000000000d0e60       0xf0 ./Drivers/CMSIS/system_stm32f4xx.o
                                      0xc95ba (size before relaxing)
 .debug_str     0x00000000000d0f50      0x5c4 ./Drivers/STM32F4xx_HAL_Driver/stm32f4xx_hal.o
                                      0xca0dd (size before relaxing)
 .debug_str     0x00000000000d1514      0x489 ./Drivers/STM32F4xx_HAL_Driver/stm32f4xx_hal_can.o
                                      0xc9ca1 (size before relaxing)
 .debug_str     0x00000000000d199d      0x3df ./Drivers/STM32F4xx_HAL_Driver/stm32f4xx_hal_cortex.o
                                      0xc9ea7 (size before relaxing)
 .debug_str     0x00000000000d1d7c      0x1a0 ./Drivers/STM32F4xx_HAL_Driver/stm32f4xx_hal_gpio.o
                                      0xc9761 (size before relaxing)
 .debug_str     0x00000000000d1f1c      0x29a ./Drivers/STM32F4xx_HAL_Driver/stm32f4xx_hal_rcc.o
                                      0xc99c1 (size before relaxing)
 .debug_str     0x00000000000d21b6      0x365 ./Drivers/STM32F4xx_HAL_Driver/stm32f4xx_hal_rcc_ex.o
                                      0xc9a1e (size before relaxing)
 .debug_str     0x00000000000d251b      0xdb4 ./Drivers/STM32F4xx_HAL_Driver/stm32f4xx_hal_tim.o
                                      0xca8c4 (size before relaxing)
 .debug_str     0x00000000000d32cf      0x52f ./Drivers/STM32F4xx_HAL_Driver/stm32f4xx_hal_tim_ex.o
                                      0xca075 (size before relaxing)

.comment        0x0000000000000000       0x53
 .comment       0x0000000000000000       0x53 ./Application/User/Core/app_control.o
                                         0x54 (size before relaxing)
 .comment       0x0000000000000053       0x54 ./Application/User/Core/buses.o
 .comment       0x0000000000000053       0x54 ./Application/User/Core/can.o
 .comment       0x0000000000000053       0x54 ./Application/User/Core/can_app.o
 .comment       0x0000000000000053       0x54 ./Application/User/Core/can_hw.o
 .comment       0x0000000000000053       0x54 ./Application/User/Core/decode_data.o
 .comment       0x0000000000000053       0x54 ./Application/User/Core/driving_modes.o
 .comment       0x0000000000000053       0x54 ./Application/User/Core/failures.o
 .comment       0x0000000000000053       0x54 ./Application/User/Core/indicators.o
 .comment       0x0000000000000053       0x54 ./Application/User/Core/main.o
 .comment       0x0000000000000053       0x54 ./Application/User/Core/monitoring.o
 .comment       0x0000000000000053       0x54 ./Application/User/Core/monitoring_api.o
 .comment       0x0000000000000053       0x54 ./Application/User/Core/rampa_pedal.o
 .comment       0x0000000000000053       0x54 ./Application/User/Core/stm32f4xx_hal_msp.o
 .comment       0x0000000000000053       0x54 ./Application/User/Core/stm32f4xx_it.o
 .comment       0x0000000000000053       0x54 ./Application/User/Core/tim.o
 .comment       0x0000000000000053       0x54 ./Drivers/BSP/STM32F4xx-Control/stm32f4xx_control.o
 .comment       0x0000000000000053       0x54 ./Drivers/CAN_Driver/can_api.o
 .comment       0x0000000000000053       0x54 ./Drivers/CMSIS/system_stm32f4xx.o
 .comment       0x0000000000000053       0x54 ./Drivers/STM32F4xx_HAL_Driver/stm32f4xx_hal.o
 .comment       0x0000000000000053       0x54 ./Drivers/STM32F4xx_HAL_Driver/stm32f4xx_hal_can.o
 .comment       0x0000000000000053       0x54 ./Drivers/STM32F4xx_HAL_Driver/stm32f4xx_hal_cortex.o
 .comment       0x0000000000000053       0x54 ./Drivers/STM32F4xx_HAL_Driver/stm32f4xx_hal_gpio.o
 .comment       0x0000000000000053       0x54 ./Drivers/STM32F4xx_HAL_Driver/stm32f4xx_hal_rcc.o
 .comment       0x0000000000000053       0x54 ./Drivers/STM32F4xx_HAL_Driver/stm32f4xx_hal_rcc_ex.o
 .comment       0x0000000000000053       0x54 ./Drivers/STM32F4xx_HAL_Driver/stm32f4xx_hal_tim.o
 .comment       0x0000000000000053       0x54 ./Drivers/STM32F4xx_HAL_Driver/stm32f4xx_hal_tim_ex.o

.debug_frame    0x0000000000000000     0x3898
 .debug_frame   0x0000000000000000       0x74 ./Application/User/Core/app_control.o
 .debug_frame   0x0000000000000074       0x74 ./Application/User/Core/can.o
 .debug_frame   0x00000000000000e8       0x6c ./Application/User/Core/can_app.o
 .debug_frame   0x0000000000000154       0x90 ./Application/User/Core/can_hw.o
 .debug_frame   0x00000000000001e4       0xac ./Application/User/Core/decode_data.o
 .debug_frame   0x0000000000000290       0x70 ./Application/User/Core/driving_modes.o
 .debug_frame   0x0000000000000300       0xe8 ./Application/User/Core/failures.o
 .debug_frame   0x00000000000003e8       0x6c ./Application/User/Core/indicators.o
 .debug_frame   0x0000000000000454       0x68 ./Application/User/Core/main.o
 .debug_frame   0x00000000000004bc       0x88 ./Application/User/Core/monitoring.o
 .debug_frame   0x0000000000000544      0x178 ./Application/User/Core/monitoring_api.o
 .debug_frame   0x00000000000006bc       0xe4 ./Application/User/Core/rampa_pedal.o
 .debug_frame   0x00000000000007a0       0x38 ./Application/User/Core/stm32f4xx_hal_msp.o
 .debug_frame   0x00000000000007d8      0x120 ./Application/User/Core/stm32f4xx_it.o
 .debug_frame   0x00000000000008f8       0x7c ./Application/User/Core/tim.o
 .debug_frame   0x0000000000000974      0x160 ./Drivers/BSP/STM32F4xx-Control/stm32f4xx_control.o
 .debug_frame   0x0000000000000ad4       0xa4 ./Drivers/CAN_Driver/can_api.o
 .debug_frame   0x0000000000000b78       0x58 ./Drivers/CMSIS/system_stm32f4xx.o
 .debug_frame   0x0000000000000bd0      0x374 ./Drivers/STM32F4xx_HAL_Driver/stm32f4xx_hal.o
 .debug_frame   0x0000000000000f44      0x5a0 ./Drivers/STM32F4xx_HAL_Driver/stm32f4xx_hal_can.o
 .debug_frame   0x00000000000014e4      0x498 ./Drivers/STM32F4xx_HAL_Driver/stm32f4xx_hal_cortex.o
 .debug_frame   0x000000000000197c      0x14c ./Drivers/STM32F4xx_HAL_Driver/stm32f4xx_hal_gpio.o
 .debug_frame   0x0000000000001ac8      0x1f0 ./Drivers/STM32F4xx_HAL_Driver/stm32f4xx_hal_rcc.o
 .debug_frame   0x0000000000001cb8      0x1e8 ./Drivers/STM32F4xx_HAL_Driver/stm32f4xx_hal_rcc_ex.o
 .debug_frame   0x0000000000001ea0     0x11c4 ./Drivers/STM32F4xx_HAL_Driver/stm32f4xx_hal_tim.o
 .debug_frame   0x0000000000003064      0x638 ./Drivers/STM32F4xx_HAL_Driver/stm32f4xx_hal_tim_ex.o
 .debug_frame   0x000000000000369c       0x2c c:/program files/stm32cubeide_1.8.0/stm32cubeide/plugins/com.st.stm32cube.ide.mcu.externaltools.gnu-tools-for-stm32.9-2020-q2-update.win32_2.0.0.202105311346/tools/bin/../lib/gcc/arm-none-eabi/9.3.1/../../../../arm-none-eabi/lib/thumb/v7e-m+fp/hard\libc_nano.a(lib_a-init.o)
 .debug_frame   0x00000000000036c8       0x20 c:/program files/stm32cubeide_1.8.0/stm32cubeide/plugins/com.st.stm32cube.ide.mcu.externaltools.gnu-tools-for-stm32.9-2020-q2-update.win32_2.0.0.202105311346/tools/bin/../lib/gcc/arm-none-eabi/9.3.1/../../../../arm-none-eabi/lib/thumb/v7e-m+fp/hard\libc_nano.a(lib_a-memset.o)
 .debug_frame   0x00000000000036e8       0x2c c:/program files/stm32cubeide_1.8.0/stm32cubeide/plugins/com.st.stm32cube.ide.mcu.externaltools.gnu-tools-for-stm32.9-2020-q2-update.win32_2.0.0.202105311346/tools/bin/../lib/gcc/arm-none-eabi/9.3.1/../../../../arm-none-eabi/lib/thumb/v7e-m+fp/hard\libm.a(lib_a-s_round.o)
 .debug_frame   0x0000000000003714       0x30 c:/program files/stm32cubeide_1.8.0/stm32cubeide/plugins/com.st.stm32cube.ide.mcu.externaltools.gnu-tools-for-stm32.9-2020-q2-update.win32_2.0.0.202105311346/tools/bin/../lib/gcc/arm-none-eabi/9.3.1/thumb/v7e-m+fp/hard\libgcc.a(_arm_muldf3.o)
 .debug_frame   0x0000000000003744       0xac c:/program files/stm32cubeide_1.8.0/stm32cubeide/plugins/com.st.stm32cube.ide.mcu.externaltools.gnu-tools-for-stm32.9-2020-q2-update.win32_2.0.0.202105311346/tools/bin/../lib/gcc/arm-none-eabi/9.3.1/thumb/v7e-m+fp/hard\libgcc.a(_arm_addsubdf3.o)
 .debug_frame   0x00000000000037f0       0x24 c:/program files/stm32cubeide_1.8.0/stm32cubeide/plugins/com.st.stm32cube.ide.mcu.externaltools.gnu-tools-for-stm32.9-2020-q2-update.win32_2.0.0.202105311346/tools/bin/../lib/gcc/arm-none-eabi/9.3.1/thumb/v7e-m+fp/hard\libgcc.a(_arm_fixunsdfsi.o)
 .debug_frame   0x0000000000003814       0x24 c:/program files/stm32cubeide_1.8.0/stm32cubeide/plugins/com.st.stm32cube.ide.mcu.externaltools.gnu-tools-for-stm32.9-2020-q2-update.win32_2.0.0.202105311346/tools/bin/../lib/gcc/arm-none-eabi/9.3.1/thumb/v7e-m+fp/hard\libgcc.a(_arm_truncdfsf2.o)